Component: ARM Compiler 5.06 update 7 (build 960) Tool: armlink [4d3601]

==============================================================================

Section Cross References

    startup_stm32f429xx.o(STACK) refers (Special) to heapauxi.o(.text) for __use_two_region_memory
    startup_stm32f429xx.o(HEAP) refers (Special) to heapauxi.o(.text) for __use_two_region_memory
    startup_stm32f429xx.o(RESET) refers (Special) to heapauxi.o(.text) for __use_two_region_memory
    startup_stm32f429xx.o(RESET) refers to startup_stm32f429xx.o(STACK) for __initial_sp
    startup_stm32f429xx.o(RESET) refers to startup_stm32f429xx.o(.text) for Reset_Handler
    startup_stm32f429xx.o(RESET) refers to stm32f4xx_it.o(i.NMI_Handler) for NMI_Handler
    startup_stm32f429xx.o(RESET) refers to stm32f4xx_it.o(i.HardFault_Handler) for HardFault_Handler
    startup_stm32f429xx.o(RESET) refers to stm32f4xx_it.o(i.MemManage_Handler) for MemManage_Handler
    startup_stm32f429xx.o(RESET) refers to stm32f4xx_it.o(i.BusFault_Handler) for BusFault_Handler
    startup_stm32f429xx.o(RESET) refers to stm32f4xx_it.o(i.UsageFault_Handler) for UsageFault_Handler
    startup_stm32f429xx.o(RESET) refers to stm32f4xx_it.o(i.SVC_Handler) for SVC_Handler
    startup_stm32f429xx.o(RESET) refers to stm32f4xx_it.o(i.DebugMon_Handler) for DebugMon_Handler
    startup_stm32f429xx.o(RESET) refers to stm32f4xx_it.o(i.PendSV_Handler) for PendSV_Handler
    startup_stm32f429xx.o(RESET) refers to stm32f4xx_it.o(i.SysTick_Handler) for SysTick_Handler
    startup_stm32f429xx.o(RESET) refers to stm32f4xx_it.o(i.ADC_IRQHandler) for ADC_IRQHandler
    startup_stm32f429xx.o(RESET) refers to stm32f4xx_it.o(i.TIM3_IRQHandler) for TIM3_IRQHandler
    startup_stm32f429xx.o(.text) refers (Special) to heapauxi.o(.text) for __use_two_region_memory
    startup_stm32f429xx.o(.text) refers to system_stm32f4xx.o(i.SystemInit) for SystemInit
    startup_stm32f429xx.o(.text) refers to __main.o(!!!main) for __main
    startup_stm32f429xx.o(.text) refers to startup_stm32f429xx.o(HEAP) for Heap_Mem
    startup_stm32f429xx.o(.text) refers to startup_stm32f429xx.o(STACK) for Stack_Mem
    reset.o(i.getResetReason) refers to noretval__2printf.o(.text) for __2printf
    temperature.o(i.checkCriticalTemperature) refers to stm32f4xx_hal_gpio.o(i.HAL_GPIO_WritePin) for HAL_GPIO_WritePin
    temperature.o(i.checkCriticalTemperature) refers to temperature.o(.data) for .data
    temperature.o(i.displayTemperature) refers to _printf_percent.o(.ARM.Collect$$_printf_percent$$00000000) for _printf_percent
    temperature.o(i.displayTemperature) refers to _printf_f.o(.ARM.Collect$$_printf_percent$$00000003) for _printf_f
    temperature.o(i.displayTemperature) refers to printf1.o(x$fpl$printf1) for _printf_fp_dec
    temperature.o(i.displayTemperature) refers to f2d.o(x$fpl$f2d) for __aeabi_f2d
    temperature.o(i.displayTemperature) refers to noretval__2snprintf.o(.text) for __2snprintf
    temperature.o(i.displayTemperature) refers to stm32f429i_discovery_lcd.o(i.BSP_LCD_Clear) for BSP_LCD_Clear
    temperature.o(i.displayTemperature) refers to stm32f429i_discovery_lcd.o(i.BSP_LCD_SetBackColor) for BSP_LCD_SetBackColor
    temperature.o(i.displayTemperature) refers to stm32f429i_discovery_lcd.o(i.BSP_LCD_SetTextColor) for BSP_LCD_SetTextColor
    temperature.o(i.displayTemperature) refers to stm32f429i_discovery_lcd.o(i.BSP_LCD_DisplayStringAt) for BSP_LCD_DisplayStringAt
    temperature.o(i.temperatureCallback) refers to _printf_percent.o(.ARM.Collect$$_printf_percent$$00000000) for _printf_percent
    temperature.o(i.temperatureCallback) refers to _printf_d.o(.ARM.Collect$$_printf_percent$$00000009) for _printf_d
    temperature.o(i.temperatureCallback) refers to _printf_f.o(.ARM.Collect$$_printf_percent$$00000003) for _printf_f
    temperature.o(i.temperatureCallback) refers to _printf_dec.o(.text) for _printf_int_dec
    temperature.o(i.temperatureCallback) refers to printf1.o(x$fpl$printf1) for _printf_fp_dec
    temperature.o(i.temperatureCallback) refers to stm32f4xx_hal_adc.o(i.HAL_ADC_GetValue) for HAL_ADC_GetValue
    temperature.o(i.temperatureCallback) refers to temperature.o(i.convertAnalogToCelsius) for convertAnalogToCelsius
    temperature.o(i.temperatureCallback) refers to temperature.o(i.checkCriticalTemperature) for checkCriticalTemperature
    temperature.o(i.temperatureCallback) refers to temperature.o(i.displayTemperature) for displayTemperature
    temperature.o(i.temperatureCallback) refers to f2d.o(x$fpl$f2d) for __aeabi_f2d
    temperature.o(i.temperatureCallback) refers to noretval__2printf.o(.text) for __2printf
    temperature.o(i.temperatureCallback) refers to temperature.o(.data) for .data
    watchdog.o(i.handleWatchdog) refers to stm32f4xx_hal_iwdg.o(i.HAL_IWDG_Refresh) for HAL_IWDG_Refresh
    watchdog.o(i.handleWatchdog) refers to watchdog.o(.data) for .data
[...]
    i.PendSV_Handler                         0x080049dc   Section        0  stm32f4xx_it.o(i.PendSV_Handler)
    i.SPI_EndRxTransaction                   0x080049de   Section        0  stm32f4xx_hal_spi.o(i.SPI_EndRxTransaction)
    SPI_EndRxTransaction                     0x080049df   Thumb Code    92  stm32f4xx_hal_spi.o(i.SPI_EndRxTransaction)
    i.SPI_EndRxTxTransaction                 0x08004a3c   Section        0  stm32f4xx_hal_spi.o(i.SPI_EndRxTxTransaction)
    SPI_EndRxTxTransaction                   0x08004a3d   Thumb Code    98  stm32f4xx_hal_spi.o(i.SPI_EndRxTxTransaction)
    i.SPI_WaitFlagStateUntilTimeout          0x08004aa8   Section        0  stm32f4xx_hal_spi.o(i.SPI_WaitFlagStateUntilTimeout)
    SPI_WaitFlagStateUntilTimeout            0x08004aa9   Thumb Code   182  stm32f4xx_hal_spi.o(i.SPI_WaitFlagStateUntilTimeout)
    i.SPIx_Error                             0x08004b64   Section        0  stm32f429i_discovery.o(i.SPIx_Error)
    SPIx_Error                               0x08004b65   Thumb Code    16  stm32f429i_discovery.o(i.SPIx_Error)
    i.SPIx_Init                              0x08004b78   Section        0  stm32f429i_discovery.o(i.SPIx_Init)
    SPIx_Init                                0x08004b79   Thumb Code   138  stm32f429i_discovery.o(i.SPIx_Init)
    i.SPIx_Write                             0x08004c14   Section        0  stm32f429i_discovery.o(i.SPIx_Write)
    SPIx_Write                               0x08004c15   Thumb Code    26  stm32f429i_discovery.o(i.SPIx_Write)
    i.SVC_Handler                            0x08004c38   Section        0  stm32f4xx_it.o(i.SVC_Handler)
    i.SysTick_Handler                        0x08004c3a   Section        0  stm32f4xx_it.o(i.SysTick_Handler)
    i.SystemClock_Config                     0x08004c40   Section        0  main.o(i.SystemClock_Config)
    i.SystemInit                             0x08004cdc   Section        0  system_stm32f4xx.o(i.SystemInit)
    i.TIM3_IRQHandler                        0x08004cec   Section        0  stm32f4xx_it.o(i.TIM3_IRQHandler)
    i.TIM_Base_SetConfig                     0x08004cf8   Section        0  stm32f4xx_hal_tim.o(i.TIM_Base_SetConfig)
    i.TIM_ETR_SetConfig                      0x08004dc8   Section        0  stm32f4xx_hal_tim.o(i.TIM_ETR_SetConfig)
    i.TIM_ITRx_SetConfig                     0x08004ddc   Section        0  stm32f4xx_hal_tim.o(i.TIM_ITRx_SetConfig)
    TIM_ITRx_SetConfig                       0x08004ddd   Thumb Code    16  stm32f4xx_hal_tim.o(i.TIM_ITRx_SetConfig)
    i.TIM_TI1_ConfigInputStage               0x08004dec   Section        0  stm32f4xx_hal_tim.o(i.TIM_TI1_ConfigInputStage)
    TIM_TI1_ConfigInputStage                 0x08004ded   Thumb Code    34  stm32f4xx_hal_tim.o(i.TIM_TI1_ConfigInputStage)
    i.TIM_TI2_ConfigInputStage               0x08004e0e   Section        0  stm32f4xx_hal_tim.o(i.TIM_TI2_ConfigInputStage)
    TIM_TI2_ConfigInputStage                 0x08004e0f   Thumb Code    36  stm32f4xx_hal_tim.o(i.TIM_TI2_ConfigInputStage)
    i.UsageFault_Handler                     0x08004e32   Section        0  stm32f4xx_it.o(i.UsageFault_Handler)
    i.__ARM_fpclassify                       0x08004e34   Section        0  fpclassify.o(i.__ARM_fpclassify)
    i.__NVIC_SetPriority                     0x08004e64   Section        0  stm32f4xx_hal_cortex.o(i.__NVIC_SetPriority)
    __NVIC_SetPriority                       0x08004e65   Thumb Code    32  stm32f4xx_hal_cortex.o(i.__NVIC_SetPriority)
    i._is_digit                              0x08004e84   Section        0  __printf_wp.o(i._is_digit)
    i.checkCriticalTemperature               0x08004e94   Section        0  temperature.o(i.checkCriticalTemperature)
    i.convertAnalogToCelsius                 0x08004ed8   Section        0  temperature.o(i.convertAnalogToCelsius)
    i.displayTemperature                     0x08004f18   Section        0  temperature.o(i.displayTemperature)
    i.fputc                                  0x08004f60   Section        0  debug.o(i.fputc)
    i.getResetReason                         0x08004f7c   Section        0  reset.o(i.getResetReason)
    i.handleWatchdog                         0x08005040   Section        0  watchdog.o(i.handleWatchdog)
    i.ili9341_DisplayOff                     0x0800506c   Section        0  ili9341.o(i.ili9341_DisplayOff)
    i.ili9341_DisplayOn                      0x08005072   Section        0  ili9341.o(i.ili9341_DisplayOn)
    i.ili9341_GetLcdPixelHeight              0x08005078   Section        0  ili9341.o(i.ili9341_GetLcdPixelHeight)
    i.ili9341_GetLcdPixelWidth               0x0800507e   Section        0  ili9341.o(i.ili9341_GetLcdPixelWidth)
    i.ili9341_Init                           0x08005082   Section        0  ili9341.o(i.ili9341_Init)
    i.ili9341_ReadID                         0x08005314   Section        0  ili9341.o(i.ili9341_ReadID)
    i.main                                   0x08005328   Section        0  main.o(i.main)
    i.temperatureCallback                    0x080053b4   Section        0  temperature.o(i.temperatureCallback)
    locale$$code                             0x08005418   Section       44  lc_numeric_c.o(locale$$code)
    x$fpl$dretinf                            0x08005444   Section       12  dretinf.o(x$fpl$dretinf)
    $v0                                      0x08005444   Number         0  dretinf.o(x$fpl$dretinf)
    x$fpl$f2d                                0x08005450   Section       86  f2d.o(x$fpl$f2d)
    $v0                                      0x08005450   Number         0  f2d.o(x$fpl$f2d)
    x$fpl$fnaninf                            0x080054a6   Section      140  fnaninf.o(x$fpl$fnaninf)
    $v0                                      0x080054a6   Number         0  fnaninf.o(x$fpl$fnaninf)
    x$fpl$fpinit                             0x08005532   Section       10  fpinit.o(x$fpl$fpinit)
    $v0                                      0x08005532   Number         0  fpinit.o(x$fpl$fpinit)
    x$fpl$printf1                            0x0800553c   Section        4  printf1.o(x$fpl$printf1)
    $v0                                      0x0800553c   Number         0  printf1.o(x$fpl$printf1)
    .constdata                               0x08005540   Section        8  stm32f4xx_hal_dma.o(.constdata)
    x$fpl$usenofp                            0x08005540   Section        0  usenofp.o(x$fpl$usenofp)
    flagBitshiftOffset                       0x08005540   Data           8  stm32f4xx_hal_dma.o(.constdata)
    .constdata                               0x08005548   Section       16  system_stm32f4xx.o(.constdata)
    .constdata                               0x08005558   Section     6840  stm32f429i_discovery_lcd.o(.constdata)
    .constdata                               0x08007010   Section      148  bigflt0.o(.constdata)
    tenpwrs_x                                0x08007010   Data          60  bigflt0.o(.constdata)
    tenpwrs_i                                0x0800704c   Data          64  bigflt0.o(.constdata)
    locale$$data                             0x080070c4   Section       28  lc_numeric_c.o(locale$$data)
    __lcnum_c_name                           0x080070c8   Data           2  lc_numeric_c.o(locale$$data)
    __lcnum_c_start                          0x080070d0   Data           0  lc_numeric_c.o(locale$$data)
    __lcnum_c_point                          0x080070dc   Data           0  lc_numeric_c.o(locale$$data)
    __lcnum_c_thousands                      0x080070de   Data           0  lc_numeric_c.o(locale$$data)
    __lcnum_c_grouping                       0x080070df   Data           0  lc_numeric_c.o(locale$$data)
    __lcnum_c_end                            0x080070e0   Data           0  lc_numeric_c.o(locale$$data)
    .data                                    0x20000000   Section        4  debug.o(.data)
    .data                                    0x20000004   Section       12  temperature.o(.data)
    .data                                    0x20000010   Section        8  watchdog.o(.data)
    .data                                    0x20000018   Section        8  stm32f4xx_hal_msp.o(.data)
    FMC_Initialized                          0x20000018   Data           4  stm32f4xx_hal_msp.o(.data)
    FMC_DeInitialized                        0x2000001c   Data           4  stm32f4xx_hal_msp.o(.data)
    .data                                    0x20000020   Section       12  stm32f4xx_hal.o(.data)
    .data                                    0x2000002c   Section        4  system_stm32f4xx.o(.data)
    .data                                    0x20000030   Section       24  stm32f429i_discovery.o(.data)
    Is_LCD_IO_Initialized                    0x20000030   Data           1  stm32f429i_discovery.o(.data)
    .data                                    0x20000048   Section       16  stm32f429i_discovery_lcd.o(.data)
    ActiveLayer                              0x20000048   Data           4  stm32f429i_discovery_lcd.o(.data)
    .data                                    0x20000058   Section        1  stm32f429i_discovery_sdram.o(.data)
    sdramstatus                              0x20000058   Data           1  stm32f429i_discovery_sdram.o(.data)
    .data                                    0x2000005c   Section       56  ili9341.o(.data)
    .bss                                     0x20000094   Section      156  main.o(.bss)
    .bss                                     0x20000130   Section      172  stm32f429i_discovery.o(.bss)
    SpiHandle                                0x20000184   Data          88  stm32f429i_discovery.o(.bss)
    .bss                                     0x200001dc   Section      304  stm32f429i_discovery_lcd.o(.bss)
    Dma2dHandler                             0x20000284   Data          64  stm32f429i_discovery_lcd.o(.bss)
    PeriphClkInitStruct                      0x200002c4   Data          48  stm32f429i_discovery_lcd.o(.bss)
    DrawProp                                 0x200002f4   Data          24  stm32f429i_discovery_lcd.o(.bss)
    .bss                                     0x2000030c   Section      288  stm32f429i_discovery_sdram.o(.bss)
    dmaHandle                                0x2000030c   Data          96  stm32f429i_discovery_sdram.o(.bss)
    dma_handle                               0x2000036c   Data          96  stm32f429i_discovery_sdram.o(.bss)
    SdramHandle                              0x200003cc   Data          52  stm32f429i_discovery_sdram.o(.bss)
    Timing                                   0x20000400   Data          28  stm32f429i_discovery_sdram.o(.bss)
    Command                                  0x2000041c   Data          16  stm32f429i_discovery_sdram.o(.bss)
    .bss                                     0x2000042c   Section       96  libspace.o(.bss)
    HEAP                                     0x20000490   Section      512  startup_stm32f429xx.o(HEAP)
    Heap_Mem                                 0x20000490   Data         512  startup_stm32f429xx.o(HEAP)
    STACK                                    0x20000690   Section     1024  startup_stm32f429xx.o(STACK)
    Stack_Mem                                0x20000690   Data        1024  startup_stm32f429xx.o(STACK)
    __initial_sp                             0x20000a90   Data           0  startup_stm32f429xx.o(STACK)

    Global Symbols

    Symbol Name                              Value     Ov Type        Size  Object(Section)

    BuildAttributes$$THM_ISAv4$E$P$D$K$B$S$7EM$VFPi3$EXTD16$VFPS$VFMA$PE$A:L22UL41UL21$X:L11$S22US41US21$IEEE1$IW$USESV6$~STKCKD$USESV7$~SHL$OTIME$ROPI$IEEEJ$EBA8$UX$STANDARDLIB$REQ8$PRES8$EABIv2 0x00000000   Number         0  anon$$obj.o ABSOLUTE
    __ARM_use_no_argv                        0x00000000   Number         0  main.o ABSOLUTE
    _printf_flags                            0x00000000   Number         0  printf_stubs.o ABSOLUTE
    _printf_return_value                     0x00000000   Number         0  printf_stubs.o ABSOLUTE
    _printf_sizespec                         0x00000000   Number         0  printf_stubs.o ABSOLUTE
    _printf_widthprec                        0x00000000   Number         0  printf_stubs.o ABSOLUTE
    __ARM_exceptions_init                     - Undefined Weak Reference
    __alloca_initialize                       - Undefined Weak Reference
    __arm_fini_                               - Undefined Weak Reference
    __arm_preinit_                            - Undefined Weak Reference
    __cpp_initialize__aeabi_                  - Undefined Weak Reference
    __cxa_finalize                            - Undefined Weak Reference
    __sigvec_lookup                           - Undefined Weak Reference
    _atexit_init                              - Undefined Weak Reference
    _call_atexit_fns                          - Undefined Weak Reference
    _clock_init                               - Undefined Weak Reference
    _fp_trap_init                             - Undefined Weak Reference
    _fp_trap_shutdown                         - Undefined Weak Reference
    _get_lc_collate                           - Undefined Weak Reference
    _get_lc_ctype                             - Undefined Weak Reference
    _get_lc_monetary                          - Undefined Weak Reference
    _get_lc_time                              - Undefined Weak Reference
    _getenv_init                              - Undefined Weak Reference
    _handle_redirection                       - Undefined Weak Reference
    _init_alloc                               - Undefined Weak Reference
    _init_user_alloc                          - Undefined Weak Reference
    _initio                                   - Undefined Weak Reference
    _mutex_acquire                            - Undefined Weak Reference
    _mutex_release                            - Undefined Weak Reference
    _printf_post_padding                      - Undefined Weak Reference
    _printf_pre_padding                       - Undefined Weak Reference
    _printf_truncate_signed                   - Undefined Weak Reference
    _printf_truncate_unsigned                 - Undefined Weak Reference
    _rand_init                                - Undefined Weak Reference
    _signal_finish                            - Undefined Weak Reference
    _signal_init                              - Undefined Weak Reference
    _terminate_alloc                          - Undefined Weak Reference
    _terminate_user_alloc                     - Undefined Weak Reference
    _terminateio                              - Undefined Weak Reference
    __Vectors_Size                           0x000001ac   Number         0  startup_stm32f429xx.o ABSOLUTE
    __Vectors                                0x08000000   Data           4  startup_stm32f429xx.o(RESET)
    __Vectors_End                            0x080001ac   Data           0  startup_stm32f429xx.o(RESET)
    __main                                   0x080001ad   Thumb Code     8  __main.o(!!!main)
    __scatterload                            0x080001b5   Thumb Code     0  __scatter.o(!!!scatter)
    __scatterload_rt2                        0x080001b5   Thumb Code    44  __scatter.o(!!!scatter)
    __scatterload_rt2_thumb_only             0x080001b5   Thumb Code     0  __scatter.o(!!!scatter)
    __scatterload_null                       0x080001c3   Thumb Code     0  __scatter.o(!!!scatter)
    __scatterload_copy                       0x080001e9   Thumb Code    26  __scatter_copy.o(!!handler_copy)
    __scatterload_zeroinit                   0x08000205   Thumb Code    28  __scatter_zi.o(!!handler_zi)
    _printf_f                                0x08000221   Thumb Code     0  _printf_f.o(.ARM.Collect$$_printf_percent$$00000003)
    _printf_percent                          0x08000221   Thumb Code     0  _printf_percent.o(.ARM.Collect$$_printf_percent$$00000000)
    _printf_d                                0x08000227   Thumb Code     0  _printf_d.o(.ARM.Collect$$_printf_percent$$00000009)
    _printf_percent_end                      0x0800022d   Thumb Code     0  _printf_percent_end.o(.ARM.Collect$$_printf_percent$$00000017)
    __rt_lib_init                            0x08000231   Thumb Code     0  libinit.o(.ARM.Collect$$libinit$$00000000)
    __rt_lib_init_fp_1                       0x08000233   Thumb Code     0  libinit2.o(.ARM.Collect$$libinit$$00000001)
    __rt_lib_init_heap_1                     0x08000237   Thumb Code     0  libinit2.o(.ARM.Collect$$libinit$$0000000A)
    __rt_lib_init_lc_common                  0x08000237   Thumb Code     0  libinit2.o(.ARM.Collect$$libinit$$0000000F)
    __rt_lib_init_preinit_1                  0x08000237   Thumb Code     0  libinit2.o(.ARM.Collect$$libinit$$00000004)
    __rt_lib_init_rand_1                     0x08000237   Thumb Code     0  libinit2.o(.ARM.Collect$$libinit$$0000000E)
    __rt_lib_init_user_alloc_1               0x08000237   Thumb Code     0  libinit2.o(.ARM.Collect$$libinit$$0000000C)
    __rt_lib_init_lc_collate_1               0x0800023d   Thumb Code     0  libinit2.o(.ARM.Collect$$libinit$$00000011)
    __rt_lib_init_lc_ctype_1                 0x0800023d   Thumb Code     0  libinit2.o(.ARM.Collect$$libinit$$00000013)
    __rt_lib_init_lc_monetary_1              0x0800023d   Thumb Code     0  libinit2.o(.ARM.Collect$$libinit$$00000015)
    __rt_lib_init_lc_numeric_2               0x0800023d   Thumb Code     0  libinit2.o(.ARM.Collect$$libinit$$00000016)
    __rt_lib_init_alloca_1                   0x08000247   Thumb Code     0  libinit2.o(.ARM.Collect$$libinit$$0000002E)
    __rt_lib_init_argv_1                     0x08000247   Thumb Code     0  libinit2.o(.ARM.Collect$$libinit$$0000002C)
    __rt_lib_init_atexit_1                   0x08000247   Thumb Code     0  libinit2.o(.ARM.Collect$$libinit$$0000001B)
    __rt_lib_init_clock_1                    0x08000247   Thumb Code     0  libinit2.o(.ARM.Collect$$libinit$$00000021)
    __rt_lib_init_cpp_1                      0x08000247   Thumb Code     0  libinit2.o(.ARM.Collect$$libinit$$00000032)
    __rt_lib_init_exceptions_1               0x08000247   Thumb Code     0  libinit2.o(.ARM.Collect$$libinit$$00000030)
    __rt_lib_init_fp_trap_1                  0x08000247   Thumb Code     0  libinit2.o(.ARM.Collect$$libinit$$0000001F)
    __rt_lib_init_getenv_1                   0x08000247   Thumb Code     0  libinit2.o(.ARM.Collect$$libinit$$00000023)
    __rt_lib_init_lc_numeric_1               0x08000247   Thumb Code     0  libinit2.o(.ARM.Collect$$libinit$$00000017)
    __rt_lib_init_lc_time_1                  0x08000247   Thumb Code     0  libinit2.o(.ARM.Collect$$libinit$$00000019)
    __rt_lib_init_return                     0x08000247   Thumb Code     0  libinit2.o(.ARM.Collect$$libinit$$00000033)
    __rt_lib_init_signal_1                   0x08000247   Thumb Code     0  libinit2.o(.ARM.Collect$$libinit$$0000001D)
    __rt_lib_init_stdio_1                    0x08000247   Thumb Code     0  libinit2.o(.ARM.Collect$$libinit$$00000025)
    __rt_lib_shutdown                        0x08000249   Thumb Code     0  libshutdown.o(.ARM.Collect$$libshutdown$$00000000)
    __rt_lib_shutdown_cpp_1                  0x0800024b   Thumb Code     0  libshutdown2.o(.ARM.Collect$$libshutdown$$00000004)
    __rt_lib_shutdown_fini_1                 0x0800024b   Thumb Code     0  libshutdown2.o(.ARM.Collect$$libshutdown$$00000002)
    __rt_lib_shutdown_fp_trap_1              0x0800024b   Thumb Code     0  libshutdown2.o(.ARM.Collect$$libshutdown$$00000009)
    __rt_lib_shutdown_heap_1                 0x0800024b   Thumb Code     0  libshutdown2.o(.ARM.Collect$$libshutdown$$00000011)
    __rt_lib_shutdown_return                 0x0800024b   Thumb Code     0  libshutdown2.o(.ARM.Collect$$libshutdown$$00000012)
    __rt_lib_shutdown_signal_1               0x0800024b   Thumb Code     0  libshutdown2.o(.ARM.Collect$$libshutdown$$0000000C)
    __rt_lib_shutdown_stdio_1                0x0800024b   Thumb Code     0  libshutdown2.o(.ARM.Collect$$libshutdown$$00000006)
    __rt_lib_shutdown_user_alloc_1           0x0800024b   Thumb Code     0  libshutdown2.o(.ARM.Collect$$libshutdown$$0000000E)
    __rt_entry                               0x0800024d   Thumb Code     0  __rtentry.o(.ARM.Collect$$rtentry$$00000000)
    __rt_entry_presh_1                       0x0800024d   Thumb Code     0  __rtentry2.o(.ARM.Collect$$rtentry$$00000002)
    __rt_entry_sh                            0x0800024d   Thumb Code     0  __rtentry4.o(.ARM.Collect$$rtentry$$00000004)
    __rt_entry_li                            0x08000253   Thumb Code     0  __rtentry2.o(.ARM.Collect$$rtentry$$0000000A)
    __rt_entry_postsh_1                      0x08000253   Thumb Code     0  __rtentry2.o(.ARM.Collect$$rtentry$$00000009)
    __rt_entry_main                          0x08000257   Thumb Code     0  __rtentry2.o(.ARM.Collect$$rtentry$$0000000D)
    __rt_entry_postli_1                      0x08000257   Thumb Code     0  __rtentry2.o(.ARM.Collect$$rtentry$$0000000C)
    __rt_exit                                0x0800025f   Thumb Code     0  rtexit.o(.ARM.Collect$$rtexit$$00000000)
    __rt_exit_ls                             0x08000261   Thumb Code     0  rtexit2.o(.ARM.Collect$$rtexit$$00000003)
    __rt_exit_prels_1                        0x08000261   Thumb Code     0  rtexit2.o(.ARM.Collect$$rtexit$$00000002)
    __rt_exit_exit                           0x08000265   Thumb Code     0  rtexit2.o(.ARM.Collect$$rtexit$$00000004)
    Reset_Handler                            0x0800026d   Thumb Code     8  startup_stm32f429xx.o(.text)
    CAN1_RX0_IRQHandler                      0x08000287   Thumb Code     0  startup_stm32f429xx.o(.text)
    CAN1_RX1_IRQHandler                      0x08000287   Thumb Code     0  startup_stm32f429xx.o(.text)
    CAN1_SCE_IRQHandler                      0x08000287   Thumb Code     0  startup_stm32f429xx.o(.text)
    CAN1_TX_IRQHandler                       0x08000287   Thumb Code     0  startup_stm32f429xx.o(.text)
    CAN2_RX0_IRQHandler                      0x08000287   Thumb Code     0  startup_stm32f429xx.o(.text)
    CAN2_RX1_IRQHandler                      0x08000287   Thumb Code     0  startup_stm32f429xx.o(.text)
    CAN2_SCE_IRQHandler                      0x08000287   Thumb Code     0  startup_stm32f429xx.o(.text)
    CAN2_TX_IRQHandler                       0x08000287   Thumb Code     0  startup_stm32f429xx.o(.text)
    DCMI_IRQHandler                          0x08000287   Thumb Code     0  startup_stm32f429xx.o(.text)
    DMA1_Stream0_IRQHandler                  0x08000287   Thumb Code     0  startup_stm32f429xx.o(.text)
    DMA1_Stream1_IRQHandler                  0x08000287   Thumb Code     0  startup_stm32f429xx.o(.text)
    DMA1_Stream2_IRQHandler                  0x08000287   Thumb Code     0  startup_stm32f429xx.o(.text)
    DMA1_Stream3_IRQHandler                  0x08000287   Thumb Code     0  startup_stm32f429xx.o(.text)
    DMA1_Stream4_IRQHandler                  0x08000287   Thumb Code     0  startup_stm32f429xx.o(.text)
    DMA1_Stream5_IRQHandler                  0x08000287   Thumb Code     0  startup_stm32f429xx.o(.text)
    DMA1_Stream6_IRQHandler                  0x08000287   Thumb Code     0  startup_stm32f429xx.o(.text)
    DMA1_Stream7_IRQHandler                  0x08000287   Thumb Code     0  startup_stm32f429xx.o(.text)
    DMA2D_IRQHandler                         0x08000287   Thumb Code     0  startup_stm32f429xx.o(.text)
    DMA2_Stream0_IRQHandler                  0x08000287   Thumb Code     0  startup_stm32f429xx.o(.text)
    DMA2_Stream1_IRQHandler                  0x08000287   Thumb Code     0  startup_stm32f429xx.o(.text)
    DMA2_Stream2_IRQHandler                  0x08000287   Thumb Code     0  startup_stm32f429xx.o(.text)
    DMA2_Stream3_IRQHandler                  0x08000287   Thumb Code     0  startup_stm32f429xx.o(.text)
    DMA2_Stream4_IRQHandler                  0x08000287   Thumb Code     0  startup_stm32f429xx.o(.text)
    DMA2_Stream5_IRQHandler                  0x08000287   Thumb Code     0  startup_stm32f429xx.o(.text)
    DMA2_Stream6_IRQHandler                  0x08000287   Thumb Code     0  startup_stm32f429xx.o(.text)
    DMA2_Stream7_IRQHandler                  0x08000287   Thumb Code     0  startup_stm32f429xx.o(.text)
    ETH_IRQHandler                           0x08000287   Thumb Code     0  startup_stm32f429xx.o(.text)
    ETH_WKUP_IRQHandler                      0x08000287   Thumb Code     0  startup_stm32f429xx.o(.text)
    EXTI0_IRQHandler                         0x08000287   Thumb Code     0  startup_stm32f429xx.o(.text)
    EXTI15_10_IRQHandler                     0x08000287   Thumb Code     0  startup_stm32f429xx.o(.text)
    EXTI1_IRQHandler                         0x08000287   Thumb Code     0  startup_stm32f429xx.o(.text)
    EXTI2_IRQHandler                         0x08000287   Thumb Code     0  startup_stm32f429xx.o(.text)
    EXTI3_IRQHandler                         0x08000287   Thumb Code     0  startup_stm32f429xx.o(.text)
    EXTI4_IRQHandler                         0x08000287   Thumb Code     0  startup_stm32f429xx.o(.text)
    EXTI9_5_IRQHandler                       0x08000287   Thumb Code     0  startup_stm32f429xx.o(.text)
    FLASH_IRQHandler                         0x08000287   Thumb Code     0  startup_stm32f429xx.o(.text)
    FMC_IRQHandler                           0x08000287   Thumb Code     0  startup_stm32f429xx.o(.text)
    FPU_IRQHandler                           0x08000287   Thumb Code     0  startup_stm32f429xx.o(.text)
    HASH_RNG_IRQHandler                      0x08000287   Thumb Code     0  startup_stm32f429xx.o(.text)
    I2C1_ER_IRQHandler                       0x08000287   Thumb Code     0  startup_stm32f429xx.o(.text)
    I2C1_EV_IRQHandler                       0x08000287   Thumb Code     0  startup_stm32f429xx.o(.text)
    I2C2_ER_IRQHandler                       0x08000287   Thumb Code     0  startup_stm32f429xx.o(.text)
    I2C2_EV_IRQHandler                       0x08000287   Thumb Code     0  startup_stm32f429xx.o(.text)
    I2C3_ER_IRQHandler                       0x08000287   Thumb Code     0  startup_stm32f429xx.o(.text)
    I2C3_EV_IRQHandler                       0x08000287   Thumb Code     0  startup_stm32f429xx.o(.text)
    LTDC_ER_IRQHandler                       0x08000287   Thumb Code     0  startup_stm32f429xx.o(.text)
    LTDC_IRQHandler                          0x08000287   Thumb Code     0  startup_stm32f429xx.o(.text)
    OTG_FS_IRQHandler                        0x08000287   Thumb Code     0  startup_stm32f429xx.o(.text)
    OTG_FS_WKUP_IRQHandler                   0x08000287   Thumb Code     0  startup_stm32f429xx.o(.text)
    OTG_HS_EP1_IN_IRQHandler                 0x08000287   Thumb Code     0  startup_stm32f429xx.o(.text)
    OTG_HS_EP1_OUT_IRQHandler                0x08000287   Thumb Code     0  startup_stm32f429xx.o(.text)
    OTG_HS_IRQHandler                        0x08000287   Thumb Code     0  startup_stm32f429xx.o(.text)
    OTG_HS_WKUP_IRQHandler                   0x08000287   Thumb Code     0  startup_stm32f429xx.o(.text)
    PVD_IRQHandler                           0x08000287   Thumb Code     0  startup_stm32f429xx.o(.text)
    RCC_IRQHandler                           0x08000287   Thumb Code     0  startup_stm32f429xx.o(.text)
    RTC_Alarm_IRQHandler                     0x08000287   Thumb Code     0  startup_stm32f429xx.o(.text)
    RTC_WKUP_IRQHandler                      0x08000287   Thumb Code     0  startup_stm32f429xx.o(.text)
    SAI1_IRQHandler                          0x08000287   Thumb Code     0  startup_stm32f429xx.o(.text)
    SDIO_IRQHandler                          0x08000287   Thumb Code     0  startup_stm32f429xx.o(.text)
    SPI1_IRQHandler                          0x08000287   Thumb Code     0  startup_stm32f429xx.o(.text)
    SPI2_IRQHandler                          0x08000287   Thumb Code     0  startup_stm32f429xx.o(.text)
    SPI3_IRQHandler                          0x08000287   Thumb Code     0  startup_stm32f429xx.o(.text)
    SPI4_IRQHandler                          0x08000287   Thumb Code     0  startup_stm32f429xx.o(.text)
    SPI5_IRQHandler                          0x08000287   Thumb Code     0  startup_stm32f429xx.o(.text)
    SPI6_IRQHandler                          0x08000287   Thumb Code     0  startup_stm32f429xx.o(.text)
    TAMP_STAMP_IRQHandler                    0x08000287   Thumb Code     0  startup_stm32f429xx.o(.text)
    TIM1_BRK_TIM9_IRQHandler                 0x08000287   Thumb Code     0  startup_stm32f429xx.o(.text)
    TIM1_CC_IRQHandler                       0x08000287   Thumb Code     0  startup_stm32f429xx.o(.text)
    TIM1_TRG_COM_TIM11_IRQHandler            0x08000287   Thumb Code     0  startup_stm32f429xx.o(.text)
    TIM1_UP_TIM10_IRQHandler                 0x08000287   Thumb Code     0  startup_stm32f429xx.o(.text)
    TIM2_IRQHandler                          0x08000287   Thumb Code     0  startup_stm32f429xx.o(.text)
    TIM4_IRQHandler                          0x08000287   Thumb Code     0  startup_stm32f429xx.o(.text)
    TIM5_IRQHandler                          0x08000287   Thumb Code     0  startup_stm32f429xx.o(.text)
    TIM6_DAC_IRQHandler                      0x08000287   Thumb Code     0  startup_stm32f429xx.o(.text)
    TIM7_IRQHandler                          0x08000287   Thumb Code     0  startup_stm32f429xx.o(.text)
    TIM8_BRK_TIM12_IRQHandler                0x08000287   Thumb Code     0  startup_stm32f429xx.o(.text)
    TIM8_CC_IRQHandler                       0x08000287   Thumb Code     0  startup_stm32f429xx.o(.text)
    TIM8_TRG_COM_TIM14_IRQHandler            0x08000287   Thumb Code     0  startup_stm32f429xx.o(.text)
    TIM8_UP_TIM13_IRQHandler                 0x08000287   Thumb Code     0  startup_stm32f429xx.o(.text)
    UART4_IRQHandler                         0x08000287   Thumb Code     0  startup_stm32f429xx.o(.text)
    UART5_IRQHandler                         0x08000287   Thumb Code     0  startup_stm32f429xx.o(.text)
    UART7_IRQHandler                         0x08000287   Thumb Code     0  startup_stm32f429xx.o(.text)
    UART8_IRQHandler                         0x08000287   Thumb Code     0  startup_stm32f429xx.o(.text)
    USART1_IRQHandler                        0x08000287   Thumb Code     0  startup_stm32f429xx.o(.text)
    USART2_IRQHandler                        0x08000287   Thumb Code     0  startup_stm32f429xx.o(.text)
    USART3_IRQHandler                        0x08000287   Thumb Code     0  startup_stm32f429xx.o(.text)
    USART6_IRQHandler                        0x08000287   Thumb Code     0  startup_stm32f429xx.o(.text)
    WWDG_IRQHandler                          0x08000287   Thumb Code     0  startup_stm32f429xx.o(.text)
    __user_initial_stackheap                 0x08000289   Thumb Code     0  startup_stm32f429xx.o(.text)
    __aeabi_uldivmod                         0x080002ad   Thumb Code     0  lludivv7m.o(.text)
    _ll_udiv                                 0x080002ad   Thumb Code   238  lludivv7m.o(.text)
    __2printf                                0x0800039d   Thumb Code    20  noretval__2printf.o(.text)
    __2snprintf                              0x080003b5   Thumb Code    48  noretval__2snprintf.o(.text)
    _printf_int_dec                          0x080003e9   Thumb Code   104  _printf_dec.o(.text)
    __printf                                 0x08000461   Thumb Code   270  __printf_wp.o(.text)
    __aeabi_memcpy4                          0x0800056f   Thumb Code     0  rt_memcpy_w.o(.text)
    __aeabi_memcpy8                          0x0800056f   Thumb Code     0  rt_memcpy_w.o(.text)
    __rt_memcpy_w                            0x0800056f   Thumb Code   100  rt_memcpy_w.o(.text)
    _memcpy_lastbytes_aligned                0x080005b7   Thumb Code     0  rt_memcpy_w.o(.text)
    __aeabi_memclr4                          0x080005d3   Thumb Code     0  rt_memclr_w.o(.text)
    __aeabi_memclr8                          0x080005d3   Thumb Code     0  rt_memclr_w.o(.text)
    __rt_memclr_w                            0x080005d3   Thumb Code    78  rt_memclr_w.o(.text)
    _memset_w                                0x080005d7   Thumb Code     0  rt_memclr_w.o(.text)
    __use_two_region_memory                  0x08000621   Thumb Code     2  heapauxi.o(.text)
    __rt_heap_escrow$2region                 0x08000623   Thumb Code     2  heapauxi.o(.text)
    __rt_heap_expand$2region                 0x08000625   Thumb Code     2  heapauxi.o(.text)
    _printf_int_common                       0x08000627   Thumb Code   178  _printf_intcommon.o(.text)
    __lib_sel_fp_printf                      0x080006d9   Thumb Code     2  _printf_fp_dec.o(.text)
    _printf_fp_dec_real                      0x0800088b   Thumb Code   620  _printf_fp_dec.o(.text)
    _printf_char_common                      0x08000b03   Thumb Code    32  _printf_char_common.o(.text)
    _sputc                                   0x08000b29   Thumb Code    10  _sputc.o(.text)
    _snputc                                  0x08000b33   Thumb Code    16  _snputc.o(.text)
    _printf_char_file                        0x08000b45   Thumb Code    32  _printf_char_file.o(.text)
    __rt_locale                              0x08000b69   Thumb Code     8  rt_locale_intlibspace.o(.text)
    _ll_udiv10                               0x08000b71   Thumb Code   138  lludiv10.o(.text)
    _printf_fp_infnan                        0x08000bfd   Thumb Code   112  _printf_fp_infnan.o(.text)
    _btod_etento                             0x08000c7d   Thumb Code   224  bigflt0.o(.text)
    ferror                                   0x08000d61   Thumb Code     8  ferror.o(.text)
    __user_libspace                          0x08000d69   Thumb Code     8  libspace.o(.text)
    __user_perproc_libspace                  0x08000d69   Thumb Code     0  libspace.o(.text)
    __user_perthread_libspace                0x08000d69   Thumb Code     0  libspace.o(.text)
    __user_setup_stackheap                   0x08000d71   Thumb Code    74  sys_stackheap_outer.o(.text)
    exit                                     0x08000dbb   Thumb Code    18  exit.o(.text)
    strcmp                                   0x08000dcd   Thumb Code   128  strcmpv7m.o(.text)
    _sys_exit                                0x08000e4d   Thumb Code     8  sys_exit.o(.text)
    __I$use$semihosting                      0x08000e59   Thumb Code     0  use_no_semi.o(.text)
    __use_no_semihosting_swi                 0x08000e59   Thumb Code     2  use_no_semi.o(.text)
    __semihosting_library_function           0x08000e5b   Thumb Code     0  indicate_semi.o(.text)
    _btod_d2e                                0x08000e5b   Thumb Code    62  btod.o(CL$$btod_d2e)
    _d2e_denorm_low                          0x08000e99   Thumb Code    70  btod.o(CL$$btod_d2e_denorm_low)
    _d2e_norm_op1                            0x08000edf   Thumb Code    96  btod.o(CL$$btod_d2e_norm_op1)
    __btod_div_common                        0x08000f3f   Thumb Code   696  btod.o(CL$$btod_div_common)
    _e2e                                     0x08001277   Thumb Code   220  btod.o(CL$$btod_e2e)
    _btod_ediv                               0x08001353   Thumb Code    42  btod.o(CL$$btod_ediv)
    _btod_emul                               0x0800137d   Thumb Code    42  btod.o(CL$$btod_emul)
    __btod_mult_common                       0x080013a7   Thumb Code   580  btod.o(CL$$btod_mult_common)
    ADC_IRQHandler                           0x080015ed   Thumb Code     6  stm32f4xx_it.o(i.ADC_IRQHandler)
    BSP_LCD_Clear                            0x08001721   Thumb Code    50  stm32f429i_discovery_lcd.o(i.BSP_LCD_Clear)
    BSP_LCD_DisplayChar                      0x0800175d   Thumb Code    44  stm32f429i_discovery_lcd.o(i.BSP_LCD_DisplayChar)
    BSP_LCD_DisplayStringAt                  0x08001791   Thumb Code   188  stm32f429i_discovery_lcd.o(i.BSP_LCD_DisplayStringAt)
    BSP_LCD_DrawPixel                        0x08001855   Thumb Code    42  stm32f429i_discovery_lcd.o(i.BSP_LCD_DrawPixel)
    BSP_LCD_GetXSize                         0x08001889   Thumb Code     8  stm32f429i_discovery_lcd.o(i.BSP_LCD_GetXSize)
    BSP_LCD_GetYSize                         0x08001895   Thumb Code     8  stm32f429i_discovery_lcd.o(i.BSP_LCD_GetYSize)
    BSP_LCD_Init                             0x080018a1   Thumb Code   130  stm32f429i_discovery_lcd.o(i.BSP_LCD_Init)
    BSP_LCD_LayerDefaultInit                 0x08001935   Thumb Code   116  stm32f429i_discovery_lcd.o(i.BSP_LCD_LayerDefaultInit)
    BSP_LCD_MspInit                          0x080019b5   Thumb Code   270  stm32f429i_discovery_lcd.o(i.BSP_LCD_MspInit)
    BSP_LCD_SelectLayer                      0x08001ae1   Thumb Code     6  stm32f429i_discovery_lcd.o(i.BSP_LCD_SelectLayer)
    BSP_LCD_SetBackColor                     0x08001aed   Thumb Code    18  stm32f429i_discovery_lcd.o(i.BSP_LCD_SetBackColor)
    BSP_LCD_SetFont                          0x08001b09   Thumb Code    18  stm32f429i_discovery_lcd.o(i.BSP_LCD_SetFont)
    BSP_LCD_SetLayerWindow                   0x08001b25   Thumb Code    40  stm32f429i_discovery_lcd.o(i.BSP_LCD_SetLayerWindow)
    BSP_LCD_SetTextColor                     0x08001b51   Thumb Code    16  stm32f429i_discovery_lcd.o(i.BSP_LCD_SetTextColor)
    BSP_SDRAM_Init                           0x08001b69   Thumb Code   106  stm32f429i_discovery_sdram.o(i.BSP_SDRAM_Init)
    BSP_SDRAM_Initialization_sequence        0x08001be1   Thumb Code   132  stm32f429i_discovery_sdram.o(i.BSP_SDRAM_Initialization_sequence)
    BSP_SDRAM_MspInit                        0x08001c69   Thumb Code   320  stm32f429i_discovery_sdram.o(i.BSP_SDRAM_MspInit)
    BusFault_Handler                         0x08001dcd   Thumb Code     2  stm32f4xx_it.o(i.BusFault_Handler)
    DebugMon_Handler                         0x08001ee1   Thumb Code     2  stm32f4xx_it.o(i.DebugMon_Handler)
    Error_Handler                            0x08001f99   Thumb Code     4  main.o(i.Error_Handler)
    FMC_SDRAM_Init                           0x08001f9d   Thumb Code   102  stm32f4xx_ll_fmc.o(i.FMC_SDRAM_Init)
    FMC_SDRAM_ProgramRefreshRate             0x08002003   Thumb Code    18  stm32f4xx_ll_fmc.o(i.FMC_SDRAM_ProgramRefreshRate)
    FMC_SDRAM_SendCommand                    0x08002015   Thumb Code    78  stm32f4xx_ll_fmc.o(i.FMC_SDRAM_SendCommand)
    FMC_SDRAM_Timing_Init                    0x08002065   Thumb Code   154  stm32f4xx_ll_fmc.o(i.FMC_SDRAM_Timing_Init)
    HAL_ADCEx_InjectedConvCpltCallback       0x08002169   Thumb Code     2  stm32f4xx_hal_adc_ex.o(i.HAL_ADCEx_InjectedConvCpltCallback)
    HAL_ADC_ConfigChannel                    0x0800216d   Thumb Code   334  stm32f4xx_hal_adc.o(i.HAL_ADC_ConfigChannel)
    HAL_ADC_ConvCpltCallback                 0x080022d1   Thumb Code     4  main.o(i.HAL_ADC_ConvCpltCallback)
    HAL_ADC_ErrorCallback                    0x080022d5   Thumb Code     2  stm32f4xx_hal_adc.o(i.HAL_ADC_ErrorCallback)
    HAL_ADC_GetValue                         0x080022d7   Thumb Code     6  stm32f4xx_hal_adc.o(i.HAL_ADC_GetValue)
    HAL_ADC_IRQHandler                       0x080022dd   Thumb Code   302  stm32f4xx_hal_adc.o(i.HAL_ADC_IRQHandler)
    HAL_ADC_Init                             0x0800240b   Thumb Code    84  stm32f4xx_hal_adc.o(i.HAL_ADC_Init)
    HAL_ADC_LevelOutOfWindowCallback         0x0800245f   Thumb Code     2  stm32f4xx_hal_adc.o(i.HAL_ADC_LevelOutOfWindowCallback)
    HAL_ADC_MspInit                          0x08002461   Thumb Code    50  stm32f4xx_hal_msp.o(i.HAL_ADC_MspInit)
    HAL_ADC_Start_IT                         0x0800249d   Thumb Code   238  stm32f4xx_hal_adc.o(i.HAL_ADC_Start_IT)
    HAL_DMA2D_ConfigLayer                    0x080025a9   Thumb Code   158  stm32f4xx_hal_dma2d.o(i.HAL_DMA2D_ConfigLayer)
    HAL_DMA2D_Init                           0x0800264d   Thumb Code    90  stm32f4xx_hal_dma2d.o(i.HAL_DMA2D_Init)
    HAL_DMA2D_MspInit                        0x080026a9   Thumb Code    30  stm32f4xx_hal_msp.o(i.HAL_DMA2D_MspInit)
    HAL_DMA2D_PollForTransfer                0x080026d1   Thumb Code   272  stm32f4xx_hal_dma2d.o(i.HAL_DMA2D_PollForTransfer)
    HAL_DMA2D_Start                          0x080027e1   Thumb Code    52  stm32f4xx_hal_dma2d.o(i.HAL_DMA2D_Start)
    HAL_DMA_DeInit                           0x08002815   Thumb Code    98  stm32f4xx_hal_dma.o(i.HAL_DMA_DeInit)
    HAL_DMA_Init                             0x08002879   Thumb Code   206  stm32f4xx_hal_dma.o(i.HAL_DMA_Init)
    HAL_Delay                                0x0800294d   Thumb Code    32  stm32f4xx_hal.o(i.HAL_Delay)
    HAL_GPIO_DeInit                          0x08002a4d   Thumb Code   348  stm32f4xx_hal_gpio.o(i.HAL_GPIO_DeInit)
    HAL_GPIO_Init                            0x08002bd9   Thumb Code   510  stm32f4xx_hal_gpio.o(i.HAL_GPIO_Init)
    HAL_GPIO_WritePin                        0x08002e0d   Thumb Code    10  stm32f4xx_hal_gpio.o(i.HAL_GPIO_WritePin)
    HAL_GetTick                              0x08002e19   Thumb Code     6  stm32f4xx_hal.o(i.HAL_GetTick)
    HAL_IWDG_Init                            0x08002e25   Thumb Code    94  stm32f4xx_hal_iwdg.o(i.HAL_IWDG_Init)
    HAL_IWDG_Refresh                         0x08002e83   Thumb Code    12  stm32f4xx_hal_iwdg.o(i.HAL_IWDG_Refresh)
    HAL_IncTick                              0x08002e91   Thumb Code    12  stm32f4xx_hal.o(i.HAL_IncTick)
    HAL_Init                                 0x08002ea1   Thumb Code    48  stm32f4xx_hal.o(i.HAL_Init)
    HAL_InitTick                             0x08002ed5   Thumb Code    54  stm32f4xx_hal.o(i.HAL_InitTick)
    HAL_LTDC_ConfigLayer                     0x08002f15   Thumb Code    82  stm32f4xx_hal_ltdc.o(i.HAL_LTDC_ConfigLayer)
    HAL_LTDC_EnableDither                    0x08002f69   Thumb Code    42  stm32f4xx_hal_ltdc.o(i.HAL_LTDC_EnableDither)
    HAL_LTDC_Init                            0x08002f99   Thumb Code   188  stm32f4xx_hal_ltdc.o(i.HAL_LTDC_Init)
    HAL_LTDC_MspInit                         0x08003055   Thumb Code   378  stm32f4xx_hal_msp.o(i.HAL_LTDC_MspInit)
    HAL_LTDC_SetWindowPosition               0x080031f1   Thumb Code    84  stm32f4xx_hal_ltdc.o(i.HAL_LTDC_SetWindowPosition)
    HAL_LTDC_SetWindowSize                   0x08003245   Thumb Code    84  stm32f4xx_hal_ltdc.o(i.HAL_LTDC_SetWindowSize)
    HAL_MspInit                              0x08003299   Thumb Code    42  stm32f4xx_hal_msp.o(i.HAL_MspInit)
    HAL_NVIC_EnableIRQ                       0x080032c9   Thumb Code    26  stm32f4xx_hal_cortex.o(i.HAL_NVIC_EnableIRQ)
    HAL_NVIC_SetPriority                     0x080032e5   Thumb Code    60  stm32f4xx_hal_cortex.o(i.HAL_NVIC_SetPriority)
    HAL_NVIC_SetPriorityGrouping             0x08003325   Thumb Code    26  stm32f4xx_hal_cortex.o(i.HAL_NVIC_SetPriorityGrouping)
    HAL_RCCEx_PeriphCLKConfig                0x08003349   Thumb Code   560  stm32f4xx_hal_rcc_ex.o(i.HAL_RCCEx_PeriphCLKConfig)
    HAL_RCC_ClockConfig                      0x0800359d   Thumb Code   288  stm32f4xx_hal_rcc.o(i.HAL_RCC_ClockConfig)
    HAL_RCC_GetSysClockFreq                  0x080036d1   Thumb Code    88  stm32f4xx_hal_rcc.o(i.HAL_RCC_GetSysClockFreq)
    HAL_RCC_OscConfig                        0x08003731   Thumb Code   856  stm32f4xx_hal_rcc.o(i.HAL_RCC_OscConfig)
    HAL_SDRAM_Init                           0x08003a9d   Thumb Code    66  stm32f4xx_hal_sdram.o(i.HAL_SDRAM_Init)
    HAL_SDRAM_MspInit                        0x08003adf   Thumb Code     4  stm32f4xx_hal_msp.o(i.HAL_SDRAM_MspInit)
    HAL_SDRAM_ProgramRefreshRate             0x08003ae3   Thumb Code    46  stm32f4xx_hal_sdram.o(i.HAL_SDRAM_ProgramRefreshRate)
    HAL_SDRAM_SendCommand                    0x08003b11   Thumb Code    60  stm32f4xx_hal_sdram.o(i.HAL_SDRAM_SendCommand)
    HAL_SPI_DeInit                           0x08003b4d   Thumb Code    46  stm32f4xx_hal_spi.o(i.HAL_SPI_DeInit)
    HAL_SPI_GetState                         0x08003b7b   Thumb Code     6  stm32f4xx_hal_spi.o(i.HAL_SPI_GetState)
    HAL_SPI_Init                             0x08003b81   Thumb Code   188  stm32f4xx_hal_spi.o(i.HAL_SPI_Init)
    HAL_SPI_MspDeInit                        0x08003c3d   Thumb Code    30  stm32f4xx_hal_msp.o(i.HAL_SPI_MspDeInit)
    HAL_SPI_MspInit                          0x08003c69   Thumb Code    94  stm32f4xx_hal_msp.o(i.HAL_SPI_MspInit)
    HAL_SPI_Receive                          0x08003cd5   Thumb Code   340  stm32f4xx_hal_spi.o(i.HAL_SPI_Receive)
    HAL_SPI_Transmit                         0x08003e29   Thumb Code   358  stm32f4xx_hal_spi.o(i.HAL_SPI_Transmit)
    HAL_SPI_TransmitReceive                  0x08003f8f   Thumb Code   496  stm32f4xx_hal_spi.o(i.HAL_SPI_TransmitReceive)
    HAL_SYSTICK_Config                       0x0800417f   Thumb Code    40  stm32f4xx_hal_cortex.o(i.HAL_SYSTICK_Config)
    HAL_TIMEx_BreakCallback                  0x080041a7   Thumb Code     2  stm32f4xx_hal_tim_ex.o(i.HAL_TIMEx_BreakCallback)
    HAL_TIMEx_CommutCallback                 0x080041a9   Thumb Code     2  stm32f4xx_hal_tim_ex.o(i.HAL_TIMEx_CommutCallback)
    HAL_TIMEx_MasterConfigSynchronization    0x080041ad   Thumb Code   116  stm32f4xx_hal_tim_ex.o(i.HAL_TIMEx_MasterConfigSynchronization)
    HAL_TIM_Base_Init                        0x0800423d   Thumb Code    90  stm32f4xx_hal_tim.o(i.HAL_TIM_Base_Init)
    HAL_TIM_Base_MspInit                     0x08004299   Thumb Code    50  stm32f4xx_hal_msp.o(i.HAL_TIM_Base_MspInit)
    HAL_TIM_Base_Start_IT                    0x080042d5   Thumb Code   100  stm32f4xx_hal_tim.o(i.HAL_TIM_Base_Start_IT)
    HAL_TIM_ConfigClockSource                0x08004355   Thumb Code   220  stm32f4xx_hal_tim.o(i.HAL_TIM_ConfigClockSource)
    HAL_TIM_IC_CaptureCallback               0x08004431   Thumb Code     2  stm32f4xx_hal_tim.o(i.HAL_TIM_IC_CaptureCallback)
    HAL_TIM_IRQHandler                       0x08004433   Thumb Code   304  stm32f4xx_hal_tim.o(i.HAL_TIM_IRQHandler)
    HAL_TIM_OC_DelayElapsedCallback          0x08004563   Thumb Code     2  stm32f4xx_hal_tim.o(i.HAL_TIM_OC_DelayElapsedCallback)
    HAL_TIM_PWM_PulseFinishedCallback        0x08004565   Thumb Code     2  stm32f4xx_hal_tim.o(i.HAL_TIM_PWM_PulseFinishedCallback)
    HAL_TIM_PeriodElapsedCallback            0x08004567   Thumb Code     2  stm32f4xx_hal_tim.o(i.HAL_TIM_PeriodElapsedCallback)
    HAL_TIM_TriggerCallback                  0x08004569   Thumb Code     2  stm32f4xx_hal_tim.o(i.HAL_TIM_TriggerCallback)
    HardFault_Handler                        0x0800456b   Thumb Code     2  stm32f4xx_it.o(i.HardFault_Handler)
    LCD_Delay                                0x0800456d   Thumb Code     4  stm32f429i_discovery.o(i.LCD_Delay)
    LCD_IO_Init                              0x08004571   Thumb Code   150  stm32f429i_discovery.o(i.LCD_IO_Init)
    LCD_IO_ReadData                          0x08004619   Thumb Code    92  stm32f429i_discovery.o(i.LCD_IO_ReadData)
    LCD_IO_WriteData                         0x08004685   Thumb Code    46  stm32f429i_discovery.o(i.LCD_IO_WriteData)
    LCD_IO_WriteReg                          0x080046bd   Thumb Code    48  stm32f429i_discovery.o(i.LCD_IO_WriteReg)
    MemManage_Handler                        0x080049d9   Thumb Code     2  stm32f4xx_it.o(i.MemManage_Handler)
    NMI_Handler                              0x080049db   Thumb Code     2  stm32f4xx_it.o(i.NMI_Handler)
    PendSV_Handler                           0x080049dd   Thumb Code     2  stm32f4xx_it.o(i.PendSV_Handler)
    SVC_Handler                              0x08004c39   Thumb Code     2  stm32f4xx_it.o(i.SVC_Handler)
    SysTick_Handler                          0x08004c3b   Thumb Code     4  stm32f4xx_it.o(i.SysTick_Handler)
    SystemClock_Config                       0x08004c41   Thumb Code   148  main.o(i.SystemClock_Config)
    SystemInit                               0x08004cdd   Thumb Code    12  system_stm32f4xx.o(i.SystemInit)
    TIM3_IRQHandler                          0x08004ced   Thumb Code     6  stm32f4xx_it.o(i.TIM3_IRQHandler)
    TIM_Base_SetConfig                       0x08004cf9   Thumb Code   164  stm32f4xx_hal_tim.o(i.TIM_Base_SetConfig)
    TIM_ETR_SetConfig                        0x08004dc9   Thumb Code    20  stm32f4xx_hal_tim.o(i.TIM_ETR_SetConfig)
    UsageFault_Handler                       0x08004e33   Thumb Code     2  stm32f4xx_it.o(i.UsageFault_Handler)
    __ARM_fpclassify                         0x08004e35   Thumb Code    48  fpclassify.o(i.__ARM_fpclassify)
    _is_digit                                0x08004e85   Thumb Code    14  __printf_wp.o(i._is_digit)
    checkCriticalTemperature                 0x08004e95   Thumb Code    58  temperature.o(i.checkCriticalTemperature)
    convertAnalogToCelsius                   0x08004ed9   Thumb Code    50  temperature.o(i.convertAnalogToCelsius)
    displayTemperature                       0x08004f19   Thumb Code    64  temperature.o(i.displayTemperature)
    fputc                                    0x08004f61   Thumb Code    22  debug.o(i.fputc)
    getResetReason                           0x08004f7d   Thumb Code    62  reset.o(i.getResetReason)
    handleWatchdog                           0x08005041   Thumb Code    38  watchdog.o(i.handleWatchdog)
    ili9341_DisplayOff                       0x0800506d   Thumb Code     6  ili9341.o(i.ili9341_DisplayOff)
    ili9341_DisplayOn                        0x08005073   Thumb Code     6  ili9341.o(i.ili9341_DisplayOn)
    ili9341_GetLcdPixelHeight                0x08005079   Thumb Code     6  ili9341.o(i.ili9341_GetLcdPixelHeight)
    ili9341_GetLcdPixelWidth                 0x0800507f   Thumb Code     4  ili9341.o(i.ili9341_GetLcdPixelWidth)
    ili9341_Init                             0x08005083   Thumb Code   658  ili9341.o(i.ili9341_Init)
    ili9341_ReadID                           0x08005315   Thumb Code    18  ili9341.o(i.ili9341_ReadID)
    main                                     0x08005329   Thumb Code   124  main.o(i.main)
    temperatureCallback                      0x080053b5   Thumb Code    74  temperature.o(i.temperatureCallback)
    _get_lc_numeric                          0x08005419   Thumb Code    44  lc_numeric_c.o(locale$$code)
    __fpl_dretinf                            0x08005445   Thumb Code    12  dretinf.o(x$fpl$dretinf)
    __aeabi_f2d                              0x08005451   Thumb Code     0  f2d.o(x$fpl$f2d)
    _f2d                                     0x08005451   Thumb Code    86  f2d.o(x$fpl$f2d)
    __fpl_fnaninf                            0x080054a7   Thumb Code   140  fnaninf.o(x$fpl$fnaninf)
    _fp_init                                 0x08005533   Thumb Code    10  fpinit.o(x$fpl$fpinit)
    __fplib_config_fpu_vfp                   0x0800553b   Thumb Code     0  fpinit.o(x$fpl$fpinit)
    __fplib_config_pureend_doubles           0x0800553b   Thumb Code     0  fpinit.o(x$fpl$fpinit)
    _printf_fp_dec                           0x0800553d   Thumb Code     4  printf1.o(x$fpl$printf1)
    __I$use$fp                               0x08005540   Number         0  usenofp.o(x$fpl$usenofp)
    AHBPrescTable                            0x08005548   Data          16  system_stm32f4xx.o(.constdata)
    Font24_Table                             0x08005558   Data        6840  stm32f429i_discovery_lcd.o(.constdata)
    Region$$Table$$Base                      0x080070a4   Number         0  anon$$obj.o(Region$$Table)
    Region$$Table$$Limit                     0x080070c4   Number         0  anon$$obj.o(Region$$Table)
    __stdout                                 0x20000000   Data           4  debug.o(.data)
    ledOn                                    0x20000004   Data           1  temperature.o(.data)
    adcHasRun                                0x20000005   Data           1  temperature.o(.data)
    lastMeasuredTemp                         0x20000008   Data           4  temperature.o(.data)
    criticalTemp                             0x2000000c   Data           4  temperature.o(.data)
    simulateHang                             0x20000010   Data           1  watchdog.o(.data)
    watchDogThreshhold                       0x20000014   Data           4  watchdog.o(.data)
    uwTickFreq                               0x20000020   Data           1  stm32f4xx_hal.o(.data)
    uwTickPrio                               0x20000024   Data           4  stm32f4xx_hal.o(.data)
    uwTick                                   0x20000028   Data           4  stm32f4xx_hal.o(.data)
    SystemCoreClock                          0x2000002c   Data           4  system_stm32f4xx.o(.data)
    BUTTON_PORT                              0x20000034   Data           4  stm32f429i_discovery.o(.data)
    I2cxTimeout                              0x20000038   Data           4  stm32f429i_discovery.o(.data)
    SpixTimeout                              0x2000003c   Data           4  stm32f429i_discovery.o(.data)
    GPIO_PORT                                0x20000040   Data           8  stm32f429i_discovery.o(.data)
    LcdDrv                                   0x2000004c   Data           4  stm32f429i_discovery_lcd.o(.data)
    Font24                                   0x20000050   Data           8  stm32f429i_discovery_lcd.o(.data)
    ili9341_drv                              0x2000005c   Data          56  ili9341.o(.data)
    hadc1                                    0x20000094   Data          72  main.o(.bss)
    hiwdg                                    0x200000dc   Data          12  main.o(.bss)
    htim3                                    0x200000e8   Data          72  main.o(.bss)
    I2cHandle                                0x20000130   Data          84  stm32f429i_discovery.o(.bss)
    LtdcHandler                              0x200001dc   Data         168  stm32f429i_discovery_lcd.o(.bss)
    __libspace_start                         0x2000042c   Data          96  libspace.o(.bss)
    __temporary_stack_top$libspace           0x2000048c   Data           0  libspace.o(.bss)



==============================================================================

Memory Map of the image

  Image Entry point : 0x080001ad

  Load Region LR_IROM1 (Base: 0x08000000, Size: 0x00007174, Max: 0x00200000, ABSOLUTE)

    Execution Region ER_IROM1 (Exec base: 0x08000000, Load base: 0x08000000, Size: 0x000070e0, Max: 0x00200000, ABSOLUTE)

    Exec Addr    Load Addr    Size         Type   Attr      Idx    E Section Name        Object

    0x08000000   0x08000000   0x000001ac   Data   RO            3    RESET               startup_stm32f429xx.o
    0x080001ac   0x080001ac   0x00000008   Code   RO         5575  * !!!main             c_w.l(__main.o)
    0x080001b4   0x080001b4   0x00000034   Code   RO         5815    !!!scatter          c_w.l(__scatter.o)
    0x080001e8   0x080001e8   0x0000001a   Code   RO         5817    !!handler_copy      c_w.l(__scatter_copy.o)
    0x08000202   0x08000202   0x00000002   PAD
    0x08000204   0x08000204   0x0000001c   Code   RO         5819    !!handler_zi        c_w.l(__scatter_zi.o)
    0x08000220   0x08000220   0x00000000   Code   RO         5568    .ARM.Collect$$_printf_percent$$00000000  c_w.l(_printf_percent.o)
    0x08000220   0x08000220   0x00000006   Code   RO         5567    .ARM.Collect$$_printf_percent$$00000003  c_w.l(_printf_f.o)
    0x08000226   0x08000226   0x00000006   Code   RO         5566    .ARM.Collect$$_printf_percent$$00000009  c_w.l(_printf_d.o)
    0x0800022c   0x0800022c   0x00000004   Code   RO         5598    .ARM.Collect$$_printf_percent$$00000017  c_w.l(_printf_percent_end.o)
    0x08000230   0x08000230   0x00000002   Code   RO         5686    .ARM.Collect$$libinit$$00000000  c_w.l(libinit.o)
    0x08000232   0x08000232   0x00000004   Code   RO         5687    .ARM.Collect$$libinit$$00000001  c_w.l(libinit2.o)
    0x08000236   0x08000236   0x00000000   Code   RO         5690    .ARM.Collect$$libinit$$00000004  c_w.l(libinit2.o)
    0x08000236   0x08000236   0x00000000   Code   RO         5693    .ARM.Collect$$libinit$$0000000A  c_w.l(libinit2.o)
    0x08000236   0x08000236   0x00000000   Code   RO         5695    .ARM.Collect$$libinit$$0000000C  c_w.l(libinit2.o)
    0x08000236   0x08000236   0x00000000   Code   RO         5697    .ARM.Collect$$libinit$$0000000E  c_w.l(libinit2.o)
    0x08000236   0x08000236   0x00000006   Code   RO         5698    .ARM.Collect$$libinit$$0000000F  c_w.l(libinit2.o)
    0x0800023c   0x0800023c   0x00000000   Code   RO         5700    .ARM.Collect$$libinit$$00000011  c_w.l(libinit2.o)
    0x0800023c   0x0800023c   0x00000000   Code   RO         5702    .ARM.Collect$$libinit$$00000013  c_w.l(libinit2.o)
    0x0800023c   0x0800023c   0x00000000   Code   RO         5704    .ARM.Collect$$libinit$$00000015  c_w.l(libinit2.o)
    0x0800023c   0x0800023c   0x0000000a   Code   RO         5705    .ARM.Collect$$libinit$$00000016  c_w.l(libinit2.o)
    0x08000246   0x08000246   0x00000000   Code   RO         5706    .ARM.Collect$$libinit$$00000017  c_w.l(libinit2.o)
    0x08000246   0x08000246   0x00000000   Code   RO         5708    .ARM.Collect$$libinit$$00000019  c_w.l(libinit2.o)
    0x08000246   0x08000246   0x00000000   Code   RO         5710    .ARM.Collect$$libinit$$0000001B  c_w.l(libinit2.o)
    0x08000246   0x08000246   0x00000000   Code   RO         5712    .ARM.Collect$$libinit$$0000001D  c_w.l(libinit2.o)
    0x08000246   0x08000246   0x00000000   Code   RO         5714    .ARM.Collect$$libinit$$0000001F  c_w.l(libinit2.o)
    0x08000246   0x08000246   0x00000000   Code   RO         5716    .ARM.Collect$$libinit$$00000021  c_w.l(libinit2.o)
    0x08000246   0x08000246   0x00000000   Code   RO         5718    .ARM.Collect$$libinit$$00000023  c_w.l(libinit2.o)
    0x08000246   0x08000246   0x00000000   Code   RO         5720    .ARM.Collect$$libinit$$00000025  c_w.l(libinit2.o)
    0x08000246   0x08000246   0x00000000   Code   RO         5724    .ARM.Collect$$libinit$$0000002C  c_w.l(libinit2.o)
    0x08000246   0x08000246   0x00000000   Code   RO         5726    .ARM.Collect$$libinit$$0000002E  c_w.l(libinit2.o)
    0x08000246   0x08000246   0x00000000   Code   RO         5728    .ARM.Collect$$libinit$$00000030  c_w.l(libinit2.o)
    0x08000246   0x08000246   0x00000000   Code   RO         5730    .ARM.Collect$$libinit$$00000032  c_w.l(libinit2.o)
    0x08000246   0x08000246   0x00000002   Code   RO         5731    .ARM.Collect$$libinit$$00000033  c_w.l(libinit2.o)
    0x08000248   0x08000248   0x00000002   Code   RO         5778    .ARM.Collect$$libshutdown$$00000000  c_w.l(libshutdown.o)
    0x0800024a   0x0800024a   0x00000000   Code   RO         5796    .ARM.Collect$$libshutdown$$00000002  c_w.l(libshutdown2.o)
    0x0800024a   0x0800024a   0x00000000   Code   RO         5798    .ARM.Collect$$libshutdown$$00000004  c_w.l(libshutdown2.o)
    0x0800024a   0x0800024a   0x00000000   Code   RO         5800    .ARM.Collect$$libshutdown$$00000006  c_w.l(libshutdown2.o)
    0x0800024a   0x0800024a   0x00000000   Code   RO         5803    .ARM.Collect$$libshutdown$$00000009  c_w.l(libshutdown2.o)
    0x0800024a   0x0800024a   0x00000000   Code   RO         5806    .ARM.Collect$$libshutdown$$0000000C  c_w.l(libshutdown2.o)
    0x0800024a   0x0800024a   0x00000000   Code   RO         5808    .ARM.Collect$$libshutdown$$0000000E  c_w.l(libshutdown2.o)
    0x0800024a   0x0800024a   0x00000000   Code   RO         5811    .ARM.Collect$$libshutdown$$00000011  c_w.l(libshutdown2.o)
    0x0800024a   0x0800024a   0x00000002   Code   RO         5812    .ARM.Collect$$libshutdown$$00000012  c_w.l(libshutdown2.o)
    0x0800024c   0x0800024c   0x00000000   Code   RO         5581    .ARM.Collect$$rtentry$$00000000  c_w.l(__rtentry.o)
    0x0800024c   0x0800024c   0x00000000   Code   RO         5605    .ARM.Collect$$rtentry$$00000002  c_w.l(__rtentry2.o)
    0x0800024c   0x0800024c   0x00000006   Code   RO         5617    .ARM.Collect$$rtentry$$00000004  c_w.l(__rtentry4.o)
    0x08000252   0x08000252   0x00000000   Code   RO         5607    .ARM.Collect$$rtentry$$00000009  c_w.l(__rtentry2.o)
    0x08000252   0x08000252   0x00000004   Code   RO         5608    .ARM.Collect$$rtentry$$0000000A  c_w.l(__rtentry2.o)
    0x08000256   0x08000256   0x00000000   Code   RO         5610    .ARM.Collect$$rtentry$$0000000C  c_w.l(__rtentry2.o)
    0x08000256   0x08000256   0x00000008   Code   RO         5611    .ARM.Collect$$rtentry$$0000000D  c_w.l(__rtentry2.o)
    0x0800025e   0x0800025e   0x00000002   Code   RO         5732    .ARM.Collect$$rtexit$$00000000  c_w.l(rtexit.o)
    0x08000260   0x08000260   0x00000000   Code   RO         5747    .ARM.Collect$$rtexit$$00000002  c_w.l(rtexit2.o)
    0x08000260   0x08000260   0x00000004   Code   RO         5748    .ARM.Collect$$rtexit$$00000003  c_w.l(rtexit2.o)
    0x08000264   0x08000264   0x00000006   Code   RO         5749    .ARM.Collect$$rtexit$$00000004  c_w.l(rtexit2.o)
    0x0800026a   0x0800026a   0x00000002   PAD
    0x0800026c   0x0800026c   0x00000040   Code   RO            4    .text               startup_stm32f429xx.o
    0x080002ac   0x080002ac   0x000000ee   Code   RO         5532    .text               c_w.l(lludivv7m.o)
    0x0800039a   0x0800039a   0x00000002   PAD
    0x0800039c   0x0800039c   0x00000018   Code   RO         5538    .text               c_w.l(noretval__2printf.o)
    0x080003b4   0x080003b4   0x00000034   Code   RO         5540    .text               c_w.l(noretval__2snprintf.o)
    0x080003e8   0x080003e8   0x00000078   Code   RO         5544    .text               c_w.l(_printf_dec.o)
    0x08000460   0x08000460   0x0000010e   Code   RO         5554    .text               c_w.l(__printf_wp.o)
    0x0800056e   0x0800056e   0x00000064   Code   RO         5569    .text               c_w.l(rt_memcpy_w.o)
    0x080005d2   0x080005d2   0x0000004e   Code   RO         5571    .text               c_w.l(rt_memclr_w.o)
    0x08000620   0x08000620   0x00000006   Code   RO         5573    .text               c_w.l(heapauxi.o)
    0x08000626   0x08000626   0x000000b2   Code   RO         5586    .text               c_w.l(_printf_intcommon.o)
    0x080006d8   0x080006d8   0x0000041e   Code   RO         5588    .text               c_w.l(_printf_fp_dec.o)
    0x08000af6   0x08000af6   0x00000002   PAD
    0x08000af8   0x08000af8   0x00000030   Code   RO         5590    .text               c_w.l(_printf_char_common.o)
    0x08000b28   0x08000b28   0x0000000a   Code   RO         5592    .text               c_w.l(_sputc.o)
    0x08000b32   0x08000b32   0x00000010   Code   RO         5594    .text               c_w.l(_snputc.o)
    0x08000b42   0x08000b42   0x00000002   PAD
    0x08000b44   0x08000b44   0x00000024   Code   RO         5596    .text               c_w.l(_printf_char_file.o)
    0x08000b68   0x08000b68   0x00000008   Code   RO         5624    .text               c_w.l(rt_locale_intlibspace.o)
    0x08000b70   0x08000b70   0x0000008a   Code   RO         5626    .text               c_w.l(lludiv10.o)
    0x08000bfa   0x08000bfa   0x00000002   PAD
    0x08000bfc   0x08000bfc   0x00000080   Code   RO         5628    .text               c_w.l(_printf_fp_infnan.o)
    0x08000c7c   0x08000c7c   0x000000e4   Code   RO         5632    .text               c_w.l(bigflt0.o)
    0x08000d60   0x08000d60   0x00000008   Code   RO         5657    .text               c_w.l(ferror.o)
    0x08000d68   0x08000d68   0x00000008   Code   RO         5668    .text               c_w.l(libspace.o)
    0x08000d70   0x08000d70   0x0000004a   Code   RO         5671    .text               c_w.l(sys_stackheap_outer.o)
    0x08000dba   0x08000dba   0x00000012   Code   RO         5673    .text               c_w.l(exit.o)
    0x08000dcc   0x08000dcc   0x00000080   Code   RO         5679    .text               c_w.l(strcmpv7m.o)
    0x08000e4c   0x08000e4c   0x0000000c   Code   RO         5744    .text               c_w.l(sys_exit.o)
    0x08000e58   0x08000e58   0x00000002   Code   RO         5765    .text               c_w.l(use_no_semi.o)
    0x08000e5a   0x08000e5a   0x00000000   Code   RO         5767    .text               c_w.l(indicate_semi.o)
    0x08000e5a   0x08000e5a   0x0000003e   Code   RO         5635    CL$$btod_d2e        c_w.l(btod.o)
    0x08000e98   0x08000e98   0x00000046   Code   RO         5637    CL$$btod_d2e_denorm_low  c_w.l(btod.o)
    0x08000ede   0x08000ede   0x00000060   Code   RO         5636    CL$$btod_d2e_norm_op1  c_w.l(btod.o)
    0x08000f3e   0x08000f3e   0x00000338   Code   RO         5645    CL$$btod_div_common  c_w.l(btod.o)
    0x08001276   0x08001276   0x000000dc   Code   RO         5642    CL$$btod_e2e        c_w.l(btod.o)
    0x08001352   0x08001352   0x0000002a   Code   RO         5639    CL$$btod_ediv       c_w.l(btod.o)
    0x0800137c   0x0800137c   0x0000002a   Code   RO         5638    CL$$btod_emul       c_w.l(btod.o)
    0x080013a6   0x080013a6   0x00000244   Code   RO         5644    CL$$btod_mult_common  c_w.l(btod.o)
    0x080015ea   0x080015ea   0x00000002   PAD
    0x080015ec   0x080015ec   0x0000000c   Code   RO          372    i.ADC_IRQHandler    stm32f4xx_it.o
    0x080015f8   0x080015f8   0x00000128   Code   RO          578    i.ADC_Init          stm32f4xx_hal_adc.o
    0x08001720   0x08001720   0x0000003c   Code   RO         5030    i.BSP_LCD_Clear     stm32f429i_discovery_lcd.o
    0x0800175c   0x0800175c   0x00000034   Code   RO         5032    i.BSP_LCD_DisplayChar  stm32f429i_discovery_lcd.o
    0x08001790   0x08001790   0x000000c4   Code   RO         5035    i.BSP_LCD_DisplayStringAt  stm32f429i_discovery_lcd.o
    0x08001854   0x08001854   0x00000034   Code   RO         5042    i.BSP_LCD_DrawPixel  stm32f429i_discovery_lcd.o
    0x08001888   0x08001888   0x0000000c   Code   RO         5054    i.BSP_LCD_GetXSize  stm32f429i_discovery_lcd.o
    0x08001894   0x08001894   0x0000000c   Code   RO         5055    i.BSP_LCD_GetYSize  stm32f429i_discovery_lcd.o
    0x080018a0   0x080018a0   0x00000094   Code   RO         5056    i.BSP_LCD_Init      stm32f429i_discovery_lcd.o
    0x08001934   0x08001934   0x00000080   Code   RO         5057    i.BSP_LCD_LayerDefaultInit  stm32f429i_discovery_lcd.o
    0x080019b4   0x080019b4   0x0000012c   Code   RO         5058    i.BSP_LCD_MspInit   stm32f429i_discovery_lcd.o
    0x08001ae0   0x08001ae0   0x0000000c   Code   RO         5063    i.BSP_LCD_SelectLayer  stm32f429i_discovery_lcd.o
    0x08001aec   0x08001aec   0x0000001c   Code   RO         5064    i.BSP_LCD_SetBackColor  stm32f429i_discovery_lcd.o
    0x08001b08   0x08001b08   0x0000001c   Code   RO         5067    i.BSP_LCD_SetFont   stm32f429i_discovery_lcd.o
    0x08001b24   0x08001b24   0x0000002c   Code   RO         5072    i.BSP_LCD_SetLayerWindow  stm32f429i_discovery_lcd.o
    0x08001b50   0x08001b50   0x00000018   Code   RO         5074    i.BSP_LCD_SetTextColor  stm32f429i_discovery_lcd.o
    0x08001b68   0x08001b68   0x00000078   Code   RO         5385    i.BSP_SDRAM_Init    stm32f429i_discovery_sdram.o
    0x08001be0   0x08001be0   0x00000088   Code   RO         5386    i.BSP_SDRAM_Initialization_sequence  stm32f429i_discovery_sdram.o
    0x08001c68   0x08001c68   0x00000164   Code   RO         5388    i.BSP_SDRAM_MspInit  stm32f429i_discovery_sdram.o
    0x08001dcc   0x08001dcc   0x00000002   Code   RO          373    i.BusFault_Handler  stm32f4xx_it.o
    0x08001dce   0x08001dce   0x00000096   Code   RO         2082    i.DMA2D_SetConfig   stm32f4xx_hal_dma2d.o
    0x08001e64   0x08001e64   0x00000028   Code   RO         1361    i.DMA_CalcBaseAndBitshift  stm32f4xx_hal_dma.o
    0x08001e8c   0x08001e8c   0x00000054   Code   RO         1362    i.DMA_CheckFifoParam  stm32f4xx_hal_dma.o
    0x08001ee0   0x08001ee0   0x00000002   Code   RO          374    i.DebugMon_Handler  stm32f4xx_it.o
    0x08001ee2   0x08001ee2   0x00000002   PAD
    0x08001ee4   0x08001ee4   0x000000b4   Code   RO         5078    i.DrawChar          stm32f429i_discovery_lcd.o
    0x08001f98   0x08001f98   0x00000004   Code   RO          298    i.Error_Handler     main.o
    0x08001f9c   0x08001f9c   0x00000066   Code   RO         2311    i.FMC_SDRAM_Init    stm32f4xx_ll_fmc.o
    0x08002002   0x08002002   0x00000012   Code   RO         2312    i.FMC_SDRAM_ProgramRefreshRate  stm32f4xx_ll_fmc.o
    0x08002014   0x08002014   0x0000004e   Code   RO         2313    i.FMC_SDRAM_SendCommand  stm32f4xx_ll_fmc.o
    0x08002062   0x08002062   0x00000002   PAD
    0x08002064   0x08002064   0x000000a4   Code   RO         2315    i.FMC_SDRAM_Timing_Init  stm32f4xx_ll_fmc.o
    0x08002108   0x08002108   0x00000060   Code   RO         5079    i.FillBuffer        stm32f429i_discovery_lcd.o
    0x08002168   0x08002168   0x00000002   Code   RO          749    i.HAL_ADCEx_InjectedConvCpltCallback  stm32f4xx_hal_adc_ex.o
    0x0800216a   0x0800216a   0x00000002   PAD
    0x0800216c   0x0800216c   0x00000164   Code   RO          580    i.HAL_ADC_ConfigChannel  stm32f4xx_hal_adc.o
    0x080022d0   0x080022d0   0x00000004   Code   RO          299    i.HAL_ADC_ConvCpltCallback  main.o
    0x080022d4   0x080022d4   0x00000002   Code   RO          584    i.HAL_ADC_ErrorCallback  stm32f4xx_hal_adc.o
    0x080022d6   0x080022d6   0x00000006   Code   RO          587    i.HAL_ADC_GetValue  stm32f4xx_hal_adc.o
    0x080022dc   0x080022dc   0x0000012e   Code   RO          588    i.HAL_ADC_IRQHandler  stm32f4xx_hal_adc.o
    0x0800240a   0x0800240a   0x00000054   Code   RO          589    i.HAL_ADC_Init      stm32f4xx_hal_adc.o
    0x0800245e   0x0800245e   0x00000002   Code   RO          590    i.HAL_ADC_LevelOutOfWindowCallback  stm32f4xx_hal_adc.o
    0x08002460   0x08002460   0x0000003c   Code   RO          461    i.HAL_ADC_MspInit   stm32f4xx_hal_msp.o
    0x0800249c   0x0800249c   0x0000010c   Code   RO          597    i.HAL_ADC_Start_IT  stm32f4xx_hal_adc.o
    0x080025a8   0x080025a8   0x000000a4   Code   RO         2096    i.HAL_DMA2D_ConfigLayer  stm32f4xx_hal_dma2d.o
    0x0800264c   0x0800264c   0x0000005a   Code   RO         2104    i.HAL_DMA2D_Init    stm32f4xx_hal_dma2d.o
    0x080026a6   0x080026a6   0x00000002   PAD
    0x080026a8   0x080026a8   0x00000028   Code   RO          463    i.HAL_DMA2D_MspInit  stm32f4xx_hal_msp.o
    0x080026d0   0x080026d0   0x00000110   Code   RO         2108    i.HAL_DMA2D_PollForTransfer  stm32f4xx_hal_dma2d.o
    0x080027e0   0x080027e0   0x00000034   Code   RO         2111    i.HAL_DMA2D_Start   stm32f4xx_hal_dma2d.o
    0x08002814   0x08002814   0x00000062   Code   RO         1366    i.HAL_DMA_DeInit    stm32f4xx_hal_dma.o
    0x08002876   0x08002876   0x00000002   PAD
    0x08002878   0x08002878   0x000000d4   Code   RO         1370    i.HAL_DMA_Init      stm32f4xx_hal_dma.o
    0x0800294c   0x0800294c   0x00000024   Code   RO         1819    i.HAL_Delay         stm32f4xx_hal.o
    0x08002970   0x08002970   0x000000dc   Code   RO          464    i.HAL_FMC_MspInit   stm32f4xx_hal_msp.o
    0x08002a4c   0x08002a4c   0x0000018c   Code   RO         1254    i.HAL_GPIO_DeInit   stm32f4xx_hal_gpio.o
    0x08002bd8   0x08002bd8   0x00000234   Code   RO         1257    i.HAL_GPIO_Init     stm32f4xx_hal_gpio.o
    0x08002e0c   0x08002e0c   0x0000000a   Code   RO         1261    i.HAL_GPIO_WritePin  stm32f4xx_hal_gpio.o
    0x08002e16   0x08002e16   0x00000002   PAD
    0x08002e18   0x08002e18   0x0000000c   Code   RO         1827    i.HAL_GetTick       stm32f4xx_hal.o
    0x08002e24   0x08002e24   0x0000005e   Code   RO         3181    i.HAL_IWDG_Init     stm32f4xx_hal_iwdg.o
    0x08002e82   0x08002e82   0x0000000c   Code   RO         3182    i.HAL_IWDG_Refresh  stm32f4xx_hal_iwdg.o
    0x08002e8e   0x08002e8e   0x00000002   PAD
    0x08002e90   0x08002e90   0x00000010   Code   RO         1833    i.HAL_IncTick       stm32f4xx_hal.o
    0x08002ea0   0x08002ea0   0x00000034   Code   RO         1834    i.HAL_Init          stm32f4xx_hal.o
    0x08002ed4   0x08002ed4   0x00000040   Code   RO         1835    i.HAL_InitTick      stm32f4xx_hal.o
    0x08002f14   0x08002f14   0x00000052   Code   RO         3214    i.HAL_LTDC_ConfigLayer  stm32f4xx_hal_ltdc.o
    0x08002f66   0x08002f66   0x00000002   PAD
    0x08002f68   0x08002f68   0x00000030   Code   RO         3226    i.HAL_LTDC_EnableDither  stm32f4xx_hal_ltdc.o
    0x08002f98   0x08002f98   0x000000bc   Code   RO         3231    i.HAL_LTDC_Init     stm32f4xx_hal_ltdc.o
    0x08003054   0x08003054   0x0000019c   Code   RO          468    i.HAL_LTDC_MspInit  stm32f4xx_hal_msp.o
    0x080031f0   0x080031f0   0x00000054   Code   RO         3246    i.HAL_LTDC_SetWindowPosition  stm32f4xx_hal_ltdc.o
    0x08003244   0x08003244   0x00000054   Code   RO         3248    i.HAL_LTDC_SetWindowSize  stm32f4xx_hal_ltdc.o
    0x08003298   0x08003298   0x00000030   Code   RO          469    i.HAL_MspInit       stm32f4xx_hal_msp.o
    0x080032c8   0x080032c8   0x0000001a   Code   RO         1667    i.HAL_NVIC_EnableIRQ  stm32f4xx_hal_cortex.o
    0x080032e2   0x080032e2   0x00000002   PAD
    0x080032e4   0x080032e4   0x00000040   Code   RO         1673    i.HAL_NVIC_SetPriority  stm32f4xx_hal_cortex.o
    0x08003324   0x08003324   0x00000024   Code   RO         1674    i.HAL_NVIC_SetPriorityGrouping  stm32f4xx_hal_cortex.o
    0x08003348   0x08003348   0x00000254   Code   RO          958    i.HAL_RCCEx_PeriphCLKConfig  stm32f4xx_hal_rcc_ex.o
    0x0800359c   0x0800359c   0x00000134   Code   RO          851    i.HAL_RCC_ClockConfig  stm32f4xx_hal_rcc.o
    0x080036d0   0x080036d0   0x00000060   Code   RO          860    i.HAL_RCC_GetSysClockFreq  stm32f4xx_hal_rcc.o
    0x08003730   0x08003730   0x0000036c   Code   RO          863    i.HAL_RCC_OscConfig  stm32f4xx_hal_rcc.o
    0x08003a9c   0x08003a9c   0x00000042   Code   RO         2549    i.HAL_SDRAM_Init    stm32f4xx_hal_sdram.o
    0x08003ade   0x08003ade   0x00000004   Code   RO          471    i.HAL_SDRAM_MspInit  stm32f4xx_hal_msp.o
    0x08003ae2   0x08003ae2   0x0000002e   Code   RO         2552    i.HAL_SDRAM_ProgramRefreshRate  stm32f4xx_hal_sdram.o
    0x08003b10   0x08003b10   0x0000003c   Code   RO         2558    i.HAL_SDRAM_SendCommand  stm32f4xx_hal_sdram.o
    0x08003b4c   0x08003b4c   0x0000002e   Code   RO         3510    i.HAL_SPI_DeInit    stm32f4xx_hal_spi.o
    0x08003b7a   0x08003b7a   0x00000006   Code   RO         3513    i.HAL_SPI_GetState  stm32f4xx_hal_spi.o
    0x08003b80   0x08003b80   0x000000bc   Code   RO         3515    i.HAL_SPI_Init      stm32f4xx_hal_spi.o
    0x08003c3c   0x08003c3c   0x0000002c   Code   RO          472    i.HAL_SPI_MspDeInit  stm32f4xx_hal_msp.o
    0x08003c68   0x08003c68   0x0000006c   Code   RO          473    i.HAL_SPI_MspInit   stm32f4xx_hal_msp.o
    0x08003cd4   0x08003cd4   0x00000154   Code   RO         3518    i.HAL_SPI_Receive   stm32f4xx_hal_spi.o
    0x08003e28   0x08003e28   0x00000166   Code   RO         3523    i.HAL_SPI_Transmit  stm32f4xx_hal_spi.o
    0x08003f8e   0x08003f8e   0x000001f0   Code   RO         3524    i.HAL_SPI_TransmitReceive  stm32f4xx_hal_spi.o
    0x0800417e   0x0800417e   0x00000028   Code   RO         1678    i.HAL_SYSTICK_Config  stm32f4xx_hal_cortex.o
    0x080041a6   0x080041a6   0x00000002   Code   RO         4532    i.HAL_TIMEx_BreakCallback  stm32f4xx_hal_tim_ex.o
    0x080041a8   0x080041a8   0x00000002   Code   RO         4533    i.HAL_TIMEx_CommutCallback  stm32f4xx_hal_tim_ex.o
    0x080041aa   0x080041aa   0x00000002   PAD
    0x080041ac   0x080041ac   0x00000090   Code   RO         4551    i.HAL_TIMEx_MasterConfigSynchronization  stm32f4xx_hal_tim_ex.o
    0x0800423c   0x0800423c   0x0000005a   Code   RO         3828    i.HAL_TIM_Base_Init  stm32f4xx_hal_tim.o
    0x08004296   0x08004296   0x00000002   PAD
    0x08004298   0x08004298   0x0000003c   Code   RO          475    i.HAL_TIM_Base_MspInit  stm32f4xx_hal_msp.o
    0x080042d4   0x080042d4   0x00000080   Code   RO         3833    i.HAL_TIM_Base_Start_IT  stm32f4xx_hal_tim.o
    0x08004354   0x08004354   0x000000dc   Code   RO         3837    i.HAL_TIM_ConfigClockSource  stm32f4xx_hal_tim.o
    0x08004430   0x08004430   0x00000002   Code   RO         3862    i.HAL_TIM_IC_CaptureCallback  stm32f4xx_hal_tim.o
    0x08004432   0x08004432   0x00000130   Code   RO         3876    i.HAL_TIM_IRQHandler  stm32f4xx_hal_tim.o
    0x08004562   0x08004562   0x00000002   Code   RO         3879    i.HAL_TIM_OC_DelayElapsedCallback  stm32f4xx_hal_tim.o
    0x08004564   0x08004564   0x00000002   Code   RO         3906    i.HAL_TIM_PWM_PulseFinishedCallback  stm32f4xx_hal_tim.o
    0x08004566   0x08004566   0x00000002   Code   RO         3914    i.HAL_TIM_PeriodElapsedCallback  stm32f4xx_hal_tim.o
    0x08004568   0x08004568   0x00000002   Code   RO         3919    i.HAL_TIM_TriggerCallback  stm32f4xx_hal_tim.o
    0x0800456a   0x0800456a   0x00000002   Code   RO          375    i.HardFault_Handler  stm32f4xx_it.o
    0x0800456c   0x0800456c   0x00000004   Code   RO         4857    i.LCD_Delay         stm32f429i_discovery.o
    0x08004570   0x08004570   0x000000a8   Code   RO         4858    i.LCD_IO_Init       stm32f429i_discovery.o
    0x08004618   0x08004618   0x0000006c   Code   RO         4859    i.LCD_IO_ReadData   stm32f429i_discovery.o
    0x08004684   0x08004684   0x00000038   Code   RO         4860    i.LCD_IO_WriteData  stm32f429i_discovery.o
    0x080046bc   0x080046bc   0x00000038   Code   RO         4861    i.LCD_IO_WriteReg   stm32f429i_discovery.o
    0x080046f4   0x080046f4   0x0000014c   Code   RO         3250    i.LTDC_SetConfig    stm32f4xx_hal_ltdc.o
    0x08004840   0x08004840   0x0000006c   Code   RO          300    i.MX_ADC1_Init      main.o
    0x080048ac   0x080048ac   0x000000c0   Code   RO          301    i.MX_GPIO_Init      main.o
    0x0800496c   0x0800496c   0x0000006c   Code   RO          302    i.MX_TIM3_Init      main.o
    0x080049d8   0x080049d8   0x00000002   Code   RO          376    i.MemManage_Handler  stm32f4xx_it.o
    0x080049da   0x080049da   0x00000002   Code   RO          377    i.NMI_Handler       stm32f4xx_it.o
    0x080049dc   0x080049dc   0x00000002   Code   RO          378    i.PendSV_Handler    stm32f4xx_it.o
    0x080049de   0x080049de   0x0000005c   Code   RO         3552    i.SPI_EndRxTransaction  stm32f4xx_hal_spi.o
    0x08004a3a   0x08004a3a   0x00000002   PAD
    0x08004a3c   0x08004a3c   0x0000006c   Code   RO         3553    i.SPI_EndRxTxTransaction  stm32f4xx_hal_spi.o
    0x08004aa8   0x08004aa8   0x000000bc   Code   RO         3558    i.SPI_WaitFlagStateUntilTimeout  stm32f4xx_hal_spi.o
    0x08004b64   0x08004b64   0x00000014   Code   RO         4862    i.SPIx_Error        stm32f429i_discovery.o
    0x08004b78   0x08004b78   0x0000009c   Code   RO         4863    i.SPIx_Init         stm32f429i_discovery.o
    0x08004c14   0x08004c14   0x00000024   Code   RO         4864    i.SPIx_Write        stm32f429i_discovery.o
    0x08004c38   0x08004c38   0x00000002   Code   RO          379    i.SVC_Handler       stm32f4xx_it.o
    0x08004c3a   0x08004c3a   0x00000004   Code   RO          380    i.SysTick_Handler   stm32f4xx_it.o
    0x08004c3e   0x08004c3e   0x00000002   PAD
    0x08004c40   0x08004c40   0x0000009c   Code   RO          303    i.SystemClock_Config  main.o
    0x08004cdc   0x08004cdc   0x00000010   Code   RO         4800    i.SystemInit        system_stm32f4xx.o
    0x08004cec   0x08004cec   0x0000000c   Code   RO          381    i.TIM3_IRQHandler   stm32f4xx_it.o
    0x08004cf8   0x08004cf8   0x000000d0   Code   RO         3921    i.TIM_Base_SetConfig  stm32f4xx_hal_tim.o
    0x08004dc8   0x08004dc8   0x00000014   Code   RO         3932    i.TIM_ETR_SetConfig  stm32f4xx_hal_tim.o
    0x08004ddc   0x08004ddc   0x00000010   Code   RO         3933    i.TIM_ITRx_SetConfig  stm32f4xx_hal_tim.o
    0x08004dec   0x08004dec   0x00000022   Code   RO         3939    i.TIM_TI1_ConfigInputStage  stm32f4xx_hal_tim.o
    0x08004e0e   0x08004e0e   0x00000024   Code   RO         3941    i.TIM_TI2_ConfigInputStage  stm32f4xx_hal_tim.o
    0x08004e32   0x08004e32   0x00000002   Code   RO          382    i.UsageFault_Handler  stm32f4xx_it.o
    0x08004e34   0x08004e34   0x00000030   Code   RO         5666    i.__ARM_fpclassify  m_wm.l(fpclassify.o)
    0x08004e64   0x08004e64   0x00000020   Code   RO         1680    i.__NVIC_SetPriority  stm32f4xx_hal_cortex.o
    0x08004e84   0x08004e84   0x0000000e   Code   RO         5556    i._is_digit         c_w.l(__printf_wp.o)
    0x08004e92   0x08004e92   0x00000002   PAD
    0x08004e94   0x08004e94   0x00000044   Code   RO          197    i.checkCriticalTemperature  temperature.o
    0x08004ed8   0x08004ed8   0x00000040   Code   RO          198    i.convertAnalogToCelsius  temperature.o
    0x08004f18   0x08004f18   0x00000048   Code   RO          199    i.displayTemperature  temperature.o
    0x08004f60   0x08004f60   0x0000001c   Code   RO           10    i.fputc             debug.o
    0x08004f7c   0x08004f7c   0x000000c4   Code   RO           40    i.getResetReason    reset.o
    0x08005040   0x08005040   0x0000002c   Code   RO          268    i.handleWatchdog    watchdog.o
    0x0800506c   0x0800506c   0x00000006   Code   RO         5462    i.ili9341_DisplayOff  ili9341.o
    0x08005072   0x08005072   0x00000006   Code   RO         5463    i.ili9341_DisplayOn  ili9341.o
    0x08005078   0x08005078   0x00000006   Code   RO         5464    i.ili9341_GetLcdPixelHeight  ili9341.o
    0x0800507e   0x0800507e   0x00000004   Code   RO         5465    i.ili9341_GetLcdPixelWidth  ili9341.o
    0x08005082   0x08005082   0x00000292   Code   RO         5466    i.ili9341_Init      ili9341.o
    0x08005314   0x08005314   0x00000012   Code   RO         5468    i.ili9341_ReadID    ili9341.o
    0x08005326   0x08005326   0x00000002   PAD
    0x08005328   0x08005328   0x0000008c   Code   RO          304    i.main              main.o
    0x080053b4   0x080053b4   0x00000064   Code   RO          200    i.temperatureCallback  temperature.o
    0x08005418   0x08005418   0x0000002c   Code   RO         5662    locale$$code        c_w.l(lc_numeric_c.o)
    0x08005444   0x08005444   0x0000000c   Code   RO         5599    x$fpl$dretinf       fz_wm.l(dretinf.o)
    0x08005450   0x08005450   0x00000056   Code   RO         5577    x$fpl$f2d           fz_wm.l(f2d.o)
    0x080054a6   0x080054a6   0x0000008c   Code   RO         5601    x$fpl$fnaninf       fz_wm.l(fnaninf.o)
    0x08005532   0x08005532   0x0000000a   Code   RO         5742    x$fpl$fpinit        fz_wm.l(fpinit.o)
    0x0800553c   0x0800553c   0x00000004   Code   RO         5579    x$fpl$printf1       fz_wm.l(printf1.o)
    0x08005540   0x08005540   0x00000000   Code   RO         5603    x$fpl$usenofp       fz_wm.l(usenofp.o)
    0x08005540   0x08005540   0x00000008   Data   RO         1376    .constdata          stm32f4xx_hal_dma.o
    0x08005548   0x08005548   0x00000010   Data   RO         4801    .constdata          system_stm32f4xx.o
    0x08005558   0x08005558   0x00001ab8   Data   RO         5081    .constdata          stm32f429i_discovery_lcd.o
    0x08007010   0x08007010   0x00000094   Data   RO         5633    .constdata          c_w.l(bigflt0.o)
    0x080070a4   0x080070a4   0x00000020   Data   RO         5813    Region$$Table       anon$$obj.o
    0x080070c4   0x080070c4   0x0000001c   Data   RO         5661    locale$$data        c_w.l(lc_numeric_c.o)


    Execution Region RW_IRAM2 (Exec base: 0x10000000, Load base: 0x08007174, Size: 0x00000000, Max: 0x00010000, ABSOLUTE)

    **** No section assigned to this execution region ****


    Execution Region RW_IRAM1 (Exec base: 0x20000000, Load base: 0x080070e0, Size: 0x00000a90, Max: 0x00030000, ABSOLUTE)

    Exec Addr    Load Addr    Size         Type   Attr      Idx    E Section Name        Object

    0x20000000   0x080070e0   0x00000004   Data   RW           11    .data               debug.o
    0x20000004   0x080070e4   0x0000000c   Data   RW          201    .data               temperature.o
    0x20000010   0x080070f0   0x00000008   Data   RW          269    .data               watchdog.o
    0x20000018   0x080070f8   0x00000008   Data   RW          476    .data               stm32f4xx_hal_msp.o
    0x20000020   0x08007100   0x0000000c   Data   RW         1841    .data               stm32f4xx_hal.o
    0x2000002c   0x0800710c   0x00000004   Data   RW         4803    .data               system_stm32f4xx.o
    0x20000030   0x08007110   0x00000018   Data   RW         4868    .data               stm32f429i_discovery.o
    0x20000048   0x08007128   0x00000010   Data   RW         5086    .data               stm32f429i_discovery_lcd.o
    0x20000058   0x08007138   0x00000001   Data   RW         5395    .data               stm32f429i_discovery_sdram.o
    0x20000059   0x08007139   0x00000003   PAD
    0x2000005c   0x0800713c   0x00000038   Data   RW         5471    .data               ili9341.o
    0x20000094        -       0x0000009c   Zero   RW          305    .bss                main.o
    0x20000130        -       0x000000ac   Zero   RW         4866    .bss                stm32f429i_discovery.o
    0x200001dc        -       0x00000130   Zero   RW         5080    .bss                stm32f429i_discovery_lcd.o
    0x2000030c        -       0x00000120   Zero   RW         5394    .bss                stm32f429i_discovery_sdram.o
    0x2000042c        -       0x00000060   Zero   RW         5669    .bss                c_w.l(libspace.o)
    0x2000048c   0x08007174   0x00000004   PAD
    0x20000490        -       0x00000200   Zero   RW            2    HEAP                startup_stm32f429xx.o
    0x20000690        -       0x00000400   Zero   RW            1    STACK               startup_stm32f429xx.o


==============================================================================

Image component sizes


      Code (inc. data)   RO Data    RW Data    ZI Data      Debug   Object Name

        28          6          0          4          0       3786   debug.o
       698          0          0         56          0       8923   ili9341.o
       712         58          0          0        156       5191   main.o
       196        134          0          0          0     809465   reset.o
        64         26        428          0       1536        852   startup_stm32f429xx.o
       604         84          0         24        172       7695   stm32f429i_discovery.o
      1372        158       6840         16        304      19748   stm32f429i_discovery_lcd.o
       612         54          0          1        288       3899   stm32f429i_discovery_sdram.o
       180         28          0         12          0       9633   stm32f4xx_hal.o
      1316         64          0          0          0       6521   stm32f4xx_hal_adc.o
         2          0          0          0          0       1001   stm32f4xx_hal_adc_ex.o
       198         14          0          0          0      33919   stm32f4xx_hal_cortex.o
       434         12          8          0          0       3688   stm32f4xx_hal_dma.o
       728          6          0          0          0       5155   stm32f4xx_hal_dma2d.o
       970        102          0          0          0       3214   stm32f4xx_hal_gpio.o
       106          0          0          0          0       1939   stm32f4xx_hal_iwdg.o
       818          6          0          0          0       5485   stm32f4xx_hal_ltdc.o
       996        130          0          8          0       6556   stm32f4xx_hal_msp.o
      1280         48          0          0          0       4106   stm32f4xx_hal_rcc.o
       596         36          0          0          0       1632   stm32f4xx_hal_rcc_ex.o
       172          0          0          0          0       2892   stm32f4xx_hal_sdram.o
      1822         16          0          0          0       9786   stm32f4xx_hal_spi.o
      1066         72          0          0          0      11033   stm32f4xx_hal_tim.o
       148         28          0          0          0       2529   stm32f4xx_hal_tim_ex.o
        44         12          0          0          0       5209   stm32f4xx_it.o
       362         10          0          0          0       4996   stm32f4xx_ll_fmc.o
        16          4         16          4          0       1159   system_stm32f4xx.o
       304         58          0         12          0       3495   temperature.o
        44          6          0          8          0       1247   watchdog.o

    ----------------------------------------------------------------------
     15916       1172       7324        148       2456     984754   Object Totals
         0          0         32          0          0          0   (incl. Generated)
        28          0          0          3          0          0   (incl. Padding)

    ----------------------------------------------------------------------

      Code (inc. data)   RO Data    RW Data    ZI Data      Debug   Library Member Name

         8          0          0          0          0         68   __main.o
       284          0          0          0          0        156   __printf_wp.o
         0          0          0          0          0          0   __rtentry.o
        12          0          0          0          0          0   __rtentry2.o
         6          0          0          0          0          0   __rtentry4.o
        52          8          0          0          0          0   __scatter.o
        26          0          0          0          0          0   __scatter_copy.o
        28          0          0          0          0          0   __scatter_zi.o
        48          6          0          0          0         96   _printf_char_common.o
        36          4          0          0          0         80   _printf_char_file.o
         6          0          0          0          0          0   _printf_d.o
       120         16          0          0          0         92   _printf_dec.o
         6          0          0          0          0          0   _printf_f.o
      1054          0          0          0          0        216   _printf_fp_dec.o
       128         16          0          0          0         84   _printf_fp_infnan.o
       178          0          0          0          0         88   _printf_intcommon.o
         0          0          0          0          0          0   _printf_percent.o
         4          0          0          0          0          0   _printf_percent_end.o
        16          0          0          0          0         68   _snputc.o
        10          0          0          0          0         68   _sputc.o
       228          4        148          0          0         96   bigflt0.o
      1936        128          0          0          0        672   btod.o
        18          0          0          0          0         80   exit.o
         8          0          0          0          0         68   ferror.o
         6          0          0          0          0        152   heapauxi.o
         0          0          0          0          0          0   indicate_semi.o
        44         10         28          0          0         76   lc_numeric_c.o
         2          0          0          0          0          0   libinit.o
        22          0          0          0          0          0   libinit2.o
         2          0          0          0          0          0   libshutdown.o
         2          0          0          0          0          0   libshutdown2.o
         8          4          0          0         96         68   libspace.o
       138          0          0          0          0         80   lludiv10.o
       238          0          0          0          0        100   lludivv7m.o
        24          4          0          0          0         84   noretval__2printf.o
        52          4          0          0          0         84   noretval__2snprintf.o
         8          4          0          0          0         68   rt_locale_intlibspace.o
        78          0          0          0          0         80   rt_memclr_w.o
       100          0          0          0          0         80   rt_memcpy_w.o
         2          0          0          0          0          0   rtexit.o
        10          0          0          0          0          0   rtexit2.o
       128          0          0          0          0         68   strcmpv7m.o
        12          4          0          0          0         68   sys_exit.o
        74          0          0          0          0         80   sys_stackheap_outer.o
         2          0          0          0          0         68   use_no_semi.o
        12          0          0          0          0        116   dretinf.o
        86          4          0          0          0        132   f2d.o
       140          4          0          0          0        132   fnaninf.o
        10          0          0          0          0        116   fpinit.o
         4          0          0          0          0        116   printf1.o
         0          0          0          0          0          0   usenofp.o
        48          0          0          0          0        124   fpclassify.o

    ----------------------------------------------------------------------
      5480        220        176          0        100       3824   Library Totals
        16          0          0          0          4          0   (incl. Padding)

    ----------------------------------------------------------------------

      Code (inc. data)   RO Data    RW Data    ZI Data      Debug   Library Name

      5164        212        176          0         96       3088   c_w.l
       252          8          0          0          0        612   fz_wm.l
        48          0          0          0          0        124   m_wm.l

    ----------------------------------------------------------------------
      5480        220        176          0        100       3824   Library Totals

    ----------------------------------------------------------------------

==============================================================================


      Code (inc. data)   RO Data    RW Data    ZI Data      Debug   

     21396       1392       7500        148       2556     972862   Grand Totals
     21396       1392       7500        148       2556     972862   ELF Image Totals
     21396       1392       7500        148          0          0   ROM Totals

==============================================================================

    Total RO  Size (Code + RO Data)                28896 (  28.22kB)
    Total RW  Size (RW Data + ZI Data)              2704 (   2.64kB)
    Total ROM Size (Code + RO Data + RW Data)      29044 (  28.36kB)

==============================================================================

